Archive member included to satisfy reference by file (symbol)

/home/nil/.config/VSCodium/User/globalStorage/bmd.stm32-for-vscode/@xpack-dev-tools/arm-none-eabi-gcc/14.2.1-1.1.1/.content/bin/../lib/gcc/arm-none-eabi/14.2.1/../../../../arm-none-eabi/lib/thumb/v7e-m+fp/hard/libc_nano.a(libc_a-atexit.o)
                              /home/nil/.config/VSCodium/User/globalStorage/bmd.stm32-for-vscode/@xpack-dev-tools/arm-none-eabi-gcc/14.2.1-1.1.1/.content/bin/../lib/gcc/arm-none-eabi/14.2.1/../../../../arm-none-eabi/lib/thumb/v7e-m+fp/hard/crt0.o (atexit)
/home/nil/.config/VSCodium/User/globalStorage/bmd.stm32-for-vscode/@xpack-dev-tools/arm-none-eabi-gcc/14.2.1-1.1.1/.content/bin/../lib/gcc/arm-none-eabi/14.2.1/../../../../arm-none-eabi/lib/thumb/v7e-m+fp/hard/libc_nano.a(libc_a-exit.o)
                              /home/nil/.config/VSCodium/User/globalStorage/bmd.stm32-for-vscode/@xpack-dev-tools/arm-none-eabi-gcc/14.2.1-1.1.1/.content/bin/../lib/gcc/arm-none-eabi/14.2.1/../../../../arm-none-eabi/lib/thumb/v7e-m+fp/hard/crt0.o (exit)
/home/nil/.config/VSCodium/User/globalStorage/bmd.stm32-for-vscode/@xpack-dev-tools/arm-none-eabi-gcc/14.2.1-1.1.1/.content/bin/../lib/gcc/arm-none-eabi/14.2.1/../../../../arm-none-eabi/lib/thumb/v7e-m+fp/hard/libc_nano.a(libc_a-findfp.o)
                              build/debug/tasks.o (__sf)
/home/nil/.config/VSCodium/User/globalStorage/bmd.stm32-for-vscode/@xpack-dev-tools/arm-none-eabi-gcc/14.2.1-1.1.1/.content/bin/../lib/gcc/arm-none-eabi/14.2.1/../../../../arm-none-eabi/lib/thumb/v7e-m+fp/hard/libc_nano.a(libc_a-fwalk.o)
                              /home/nil/.config/VSCodium/User/globalStorage/bmd.stm32-for-vscode/@xpack-dev-tools/arm-none-eabi-gcc/14.2.1-1.1.1/.content/bin/../lib/gcc/arm-none-eabi/14.2.1/../../../../arm-none-eabi/lib/thumb/v7e-m+fp/hard/libc_nano.a(libc_a-findfp.o) (_fwalk_sglue)
/home/nil/.config/VSCodium/User/globalStorage/bmd.stm32-for-vscode/@xpack-dev-tools/arm-none-eabi-gcc/14.2.1-1.1.1/.content/bin/../lib/gcc/arm-none-eabi/14.2.1/../../../../arm-none-eabi/lib/thumb/v7e-m+fp/hard/libc_nano.a(libc_a-printf.o)
                              build/debug/receiverTask.o (printf)
/home/nil/.config/VSCodium/User/globalStorage/bmd.stm32-for-vscode/@xpack-dev-tools/arm-none-eabi-gcc/14.2.1-1.1.1/.content/bin/../lib/gcc/arm-none-eabi/14.2.1/../../../../arm-none-eabi/lib/thumb/v7e-m+fp/hard/libc_nano.a(libc_a-puts.o)
                              build/debug/senderTask.o (puts)
/home/nil/.config/VSCodium/User/globalStorage/bmd.stm32-for-vscode/@xpack-dev-tools/arm-none-eabi-gcc/14.2.1-1.1.1/.content/bin/../lib/gcc/arm-none-eabi/14.2.1/../../../../arm-none-eabi/lib/thumb/v7e-m+fp/hard/libc_nano.a(libc_a-stdio.o)
                              /home/nil/.config/VSCodium/User/globalStorage/bmd.stm32-for-vscode/@xpack-dev-tools/arm-none-eabi-gcc/14.2.1-1.1.1/.content/bin/../lib/gcc/arm-none-eabi/14.2.1/../../../../arm-none-eabi/lib/thumb/v7e-m+fp/hard/libc_nano.a(libc_a-findfp.o) (__sread)
/home/nil/.config/VSCodium/User/globalStorage/bmd.stm32-for-vscode/@xpack-dev-tools/arm-none-eabi-gcc/14.2.1-1.1.1/.content/bin/../lib/gcc/arm-none-eabi/14.2.1/../../../../arm-none-eabi/lib/thumb/v7e-m+fp/hard/libc_nano.a(libc_a-wbuf.o)
                              /home/nil/.config/VSCodium/User/globalStorage/bmd.stm32-for-vscode/@xpack-dev-tools/arm-none-eabi-gcc/14.2.1-1.1.1/.content/bin/../lib/gcc/arm-none-eabi/14.2.1/../../../../arm-none-eabi/lib/thumb/v7e-m+fp/hard/libc_nano.a(libc_a-puts.o) (__swbuf_r)
/home/nil/.config/VSCodium/User/globalStorage/bmd.stm32-for-vscode/@xpack-dev-tools/arm-none-eabi-gcc/14.2.1-1.1.1/.content/bin/../lib/gcc/arm-none-eabi/14.2.1/../../../../arm-none-eabi/lib/thumb/v7e-m+fp/hard/libc_nano.a(libc_a-wsetup.o)
                              /home/nil/.config/VSCodium/User/globalStorage/bmd.stm32-for-vscode/@xpack-dev-tools/arm-none-eabi-gcc/14.2.1-1.1.1/.content/bin/../lib/gcc/arm-none-eabi/14.2.1/../../../../arm-none-eabi/lib/thumb/v7e-m+fp/hard/libc_nano.a(libc_a-puts.o) (__swsetup_r)
/home/nil/.config/VSCodium/User/globalStorage/bmd.stm32-for-vscode/@xpack-dev-tools/arm-none-eabi-gcc/14.2.1-1.1.1/.content/bin/../lib/gcc/arm-none-eabi/14.2.1/../../../../arm-none-eabi/lib/thumb/v7e-m+fp/hard/libc_nano.a(libc_a-memset.o)
                              /home/nil/.config/VSCodium/User/globalStorage/bmd.stm32-for-vscode/@xpack-dev-tools/arm-none-eabi-gcc/14.2.1-1.1.1/.content/bin/../lib/gcc/arm-none-eabi/14.2.1/../../../../arm-none-eabi/lib/thumb/v7e-m+fp/hard/crt0.o (memset)
/home/nil/.config/VSCodium/User/globalStorage/bmd.stm32-for-vscode/@xpack-dev-tools/arm-none-eabi-gcc/14.2.1-1.1.1/.content/bin/../lib/gcc/arm-none-eabi/14.2.1/../../../../arm-none-eabi/lib/thumb/v7e-m+fp/hard/libc_nano.a(libc_a-closer.o)
[...]
Memory Configuration

Name             Origin             Length             Attributes
RAM              0x20000000         0x00020000         xrw
FLASH            0x08000000         0x00080000         xr
*default*        0x00000000         0xffffffff

Linker script and memory map

LOAD /home/nil/.config/VSCodium/User/globalStorage/bmd.stm32-for-vscode/@xpack-dev-tools/arm-none-eabi-gcc/14.2.1-1.1.1/.content/bin/../lib/gcc/arm-none-eabi/14.2.1/thumb/v7e-m+fp/hard/crti.o
LOAD /home/nil/.config/VSCodium/User/globalStorage/bmd.stm32-for-vscode/@xpack-dev-tools/arm-none-eabi-gcc/14.2.1-1.1.1/.content/bin/../lib/gcc/arm-none-eabi/14.2.1/thumb/v7e-m+fp/hard/crtbegin.o
LOAD /home/nil/.config/VSCodium/User/globalStorage/bmd.stm32-for-vscode/@xpack-dev-tools/arm-none-eabi-gcc/14.2.1-1.1.1/.content/bin/../lib/gcc/arm-none-eabi/14.2.1/../../../../arm-none-eabi/lib/thumb/v7e-m+fp/hard/crt0.o
LOAD build/debug/cmsis_os2.o
LOAD build/debug/croutine.o
LOAD build/debug/event_groups.o
LOAD build/debug/freertos.o
LOAD build/debug/heap_4.o
LOAD build/debug/list.o
LOAD build/debug/main.o
LOAD build/debug/port.o
LOAD build/debug/queue.o
LOAD build/debug/receiverTask.o
LOAD build/debug/senderTask.o
LOAD build/debug/stm32f4xx_hal.o
LOAD build/debug/stm32f4xx_hal_cortex.o
LOAD build/debug/stm32f4xx_hal_dma.o
LOAD build/debug/stm32f4xx_hal_dma_ex.o
LOAD build/debug/stm32f4xx_hal_exti.o
LOAD build/debug/stm32f4xx_hal_flash.o
LOAD build/debug/stm32f4xx_hal_flash_ex.o
LOAD build/debug/stm32f4xx_hal_flash_ramfunc.o
LOAD build/debug/stm32f4xx_hal_gpio.o
LOAD build/debug/stm32f4xx_hal_msp.o
LOAD build/debug/stm32f4xx_hal_pwr.o
LOAD build/debug/stm32f4xx_hal_pwr_ex.o
LOAD build/debug/stm32f4xx_hal_rcc.o
LOAD build/debug/stm32f4xx_hal_rcc_ex.o
LOAD build/debug/stm32f4xx_hal_tim.o
LOAD build/debug/stm32f4xx_hal_tim_ex.o
LOAD build/debug/stm32f4xx_hal_timebase_tim.o
LOAD build/debug/stm32f4xx_hal_uart.o
LOAD build/debug/stm32f4xx_it.o
LOAD build/debug/stream_buffer.o
LOAD build/debug/syscalls.o
LOAD build/debug/sysmem.o
LOAD build/debug/system_stm32f4xx.o
LOAD build/debug/tasks.o
LOAD build/debug/timers.o
LOAD build/debug/startup_stm32f446xx.o
LOAD /home/nil/.config/VSCodium/User/globalStorage/bmd.stm32-for-vscode/@xpack-dev-tools/arm-none-eabi-gcc/14.2.1-1.1.1/.content/bin/../lib/gcc/arm-none-eabi/14.2.1/../../../../arm-none-eabi/lib/thumb/v7e-m+fp/hard/libc_nano.a
LOAD /home/nil/.config/VSCodium/User/globalStorage/bmd.stm32-for-vscode/@xpack-dev-tools/arm-none-eabi-gcc/14.2.1-1.1.1/.content/bin/../lib/gcc/arm-none-eabi/14.2.1/../../../../arm-none-eabi/lib/thumb/v7e-m+fp/hard/libm.a
LOAD /home/nil/.config/VSCodium/User/globalStorage/bmd.stm32-for-vscode/@xpack-dev-tools/arm-none-eabi-gcc/14.2.1-1.1.1/.content/bin/../lib/gcc/arm-none-eabi/14.2.1/../../../../arm-none-eabi/lib/thumb/v7e-m+fp/hard/libnosys.a
START GROUP
LOAD /home/nil/.config/VSCodium/User/globalStorage/bmd.stm32-for-vscode/@xpack-dev-tools/arm-none-eabi-gcc/14.2.1-1.1.1/.content/bin/../lib/gcc/arm-none-eabi/14.2.1/thumb/v7e-m+fp/hard/libgcc.a
LOAD /home/nil/.config/VSCodium/User/globalStorage/bmd.stm32-for-vscode/@xpack-dev-tools/arm-none-eabi-gcc/14.2.1-1.1.1/.content/bin/../lib/gcc/arm-none-eabi/14.2.1/../../../../arm-none-eabi/lib/thumb/v7e-m+fp/hard/libc_nano.a
END GROUP
START GROUP
LOAD /home/nil/.config/VSCodium/User/globalStorage/bmd.stm32-for-vscode/@xpack-dev-tools/arm-none-eabi-gcc/14.2.1-1.1.1/.content/bin/../lib/gcc/arm-none-eabi/14.2.1/thumb/v7e-m+fp/hard/libgcc.a
LOAD /home/nil/.config/VSCodium/User/globalStorage/bmd.stm32-for-vscode/@xpack-dev-tools/arm-none-eabi-gcc/14.2.1-1.1.1/.content/bin/../lib/gcc/arm-none-eabi/14.2.1/../../../../arm-none-eabi/lib/thumb/v7e-m+fp/hard/libc_nano.a
END GROUP
LOAD /home/nil/.config/VSCodium/User/globalStorage/bmd.stm32-for-vscode/@xpack-dev-tools/arm-none-eabi-gcc/14.2.1-1.1.1/.content/bin/../lib/gcc/arm-none-eabi/14.2.1/thumb/v7e-m+fp/hard/crtend.o
LOAD /home/nil/.config/VSCodium/User/globalStorage/bmd.stm32-for-vscode/@xpack-dev-tools/arm-none-eabi-gcc/14.2.1-1.1.1/.content/bin/../lib/gcc/arm-none-eabi/14.2.1/thumb/v7e-m+fp/hard/crtn.o
                0x20020000                        _estack = (ORIGIN (RAM) + LENGTH (RAM))
                0x00000200                        _Min_Heap_Size = 0x200
                0x00000400                        _Min_Stack_Size = 0x400

.isr_vector     0x08000000      0x1c4
                0x08000000                        . = ALIGN (0x4)
 *(.isr_vector)
 .isr_vector    0x08000000      0x1c4 build/debug/startup_stm32f446xx.o
                0x08000000                g_pfnVectors
                0x080001c4                        . = ALIGN (0x4)

.text           0x080001d0     0x4a78
                0x080001d0                        . = ALIGN (0x4)
 *(.text)
 .text          0x080001d0       0xa0 /home/nil/.config/VSCodium/User/globalStorage/bmd.stm32-for-vscode/@xpack-dev-tools/arm-none-eabi-gcc/14.2.1-1.1.1/.content/bin/../lib/gcc/arm-none-eabi/14.2.1/../../../../arm-none-eabi/lib/thumb/v7e-m+fp/hard/libc_nano.a(libc_a-memchr.o)
                0x080001d0                memchr
 .text          0x08000270      0x378 /home/nil/.config/VSCodium/User/globalStorage/bmd.stm32-for-vscode/@xpack-dev-tools/arm-none-eabi-gcc/14.2.1-1.1.1/.content/bin/../lib/gcc/arm-none-eabi/14.2.1/thumb/v7e-m+fp/hard/libgcc.a(_arm_addsubdf3.o)
                0x08000270                __aeabi_drsub
                0x08000278                __aeabi_dsub
                0x08000278                __subdf3
                0x0800027c                __adddf3
                0x0800027c                __aeabi_dadd
                0x080004f4                __aeabi_ui2d
                0x080004f4                __floatunsidf
                0x08000514                __floatsidf
                0x08000514                __aeabi_i2d
                0x08000538                __extendsfdf2
                0x08000538                __aeabi_f2d
                0x0800057c                __aeabi_ul2d
                0x0800057c                __floatundidf
                0x0800058c                __floatdidf
                0x0800058c                __aeabi_l2d
 .text          0x080005e8       0x30 /home/nil/.config/VSCodium/User/globalStorage/bmd.stm32-for-vscode/@xpack-dev-tools/arm-none-eabi-gcc/14.2.1-1.1.1/.content/bin/../lib/gcc/arm-none-eabi/14.2.1/thumb/v7e-m+fp/hard/libgcc.a(_aeabi_uldivmod.o)
                0x080005e8                __aeabi_uldivmod
 .text          0x08000618        0x4 /home/nil/.config/VSCodium/User/globalStorage/bmd.stm32-for-vscode/@xpack-dev-tools/arm-none-eabi-gcc/14.2.1-1.1.1/.content/bin/../lib/gcc/arm-none-eabi/14.2.1/thumb/v7e-m+fp/hard/libgcc.a(_dvmd_tls.o)
                0x08000618                __aeabi_ldiv0
                0x08000618                __aeabi_idiv0
 *(.text*)
 .text.__do_global_dtors_aux
                0x0800061c       0x24 /home/nil/.config/VSCodium/User/globalStorage/bmd.stm32-for-vscode/@xpack-dev-tools/arm-none-eabi-gcc/14.2.1-1.1.1/.content/bin/../lib/gcc/arm-none-eabi/14.2.1/thumb/v7e-m+fp/hard/crtbegin.o
 .text.frame_dummy
                0x08000640       0x1c /home/nil/.config/VSCodium/User/globalStorage/bmd.stm32-for-vscode/@xpack-dev-tools/arm-none-eabi-gcc/14.2.1-1.1.1/.content/bin/../lib/gcc/arm-none-eabi/14.2.1/thumb/v7e-m+fp/hard/crtbegin.o
 .text.SysTick_Handler
                0x0800065c       0x18 build/debug/cmsis_os2.o
                0x0800065c                SysTick_Handler
 .text.osKernelInitialize
                0x08000674       0x24 build/debug/cmsis_os2.o
                0x08000674                osKernelInitialize
 .text.osKernelStart
                0x08000698       0x38 build/debug/cmsis_os2.o
                0x08000698                osKernelStart
 .text.osThreadNew
                0x080006d0       0xb6 build/debug/cmsis_os2.o
                0x080006d0                osThreadNew
 .text.osDelay  0x08000786       0x1c build/debug/cmsis_os2.o
                0x08000786                osDelay
 *fill*         0x080007a2        0x2 
 .text.vApplicationGetIdleTaskMemory
                0x080007a4       0x18 build/debug/cmsis_os2.o
                0x080007a4                vApplicationGetIdleTaskMemory
 .text.vApplicationGetTimerTaskMemory
                0x080007bc       0x18 build/debug/cmsis_os2.o
                0x080007bc                vApplicationGetTimerTaskMemory
 .text.prvHeapInit
                0x080007d4       0x64 build/debug/heap_4.o
 .text.prvInsertBlockIntoFreeList
                0x08000838       0x64 build/debug/heap_4.o
 .text.pvPortMalloc
                0x0800089c      0x104 build/debug/heap_4.o
                0x0800089c                pvPortMalloc
 .text.vPortFree
                0x080009a0       0x7c build/debug/heap_4.o
                0x080009a0                vPortFree
 .text.vListInitialise
                0x08000a1c       0x16 build/debug/list.o
                0x08000a1c                vListInitialise
 .text.vListInitialiseItem
                0x08000a32        0x6 build/debug/list.o
                0x08000a32                vListInitialiseItem
 .text.vListInsertEnd
                0x08000a38       0x16 build/debug/list.o
                0x08000a38                vListInsertEnd
 .text.vListInsert
                0x08000a4e       0x32 build/debug/list.o
                0x08000a4e                vListInsert
 .text.uxListRemove
                0x08000a80       0x26 build/debug/list.o
                0x08000a80                uxListRemove
 *fill*         0x08000aa6        0x2 
 .text.MX_GPIO_Init
                0x08000aa8       0xac build/debug/main.o
 .text.StartDefaultTask
                0x08000b54        0xa build/debug/main.o
                0x08000b54                StartDefaultTask
 *fill*         0x08000b5e        0x2 
 .text.HAL_TIM_PeriodElapsedCallback
                0x08000b60       0x18 build/debug/main.o
                0x08000b60                HAL_TIM_PeriodElapsedCallback
 .text.Error_Handler
                0x08000b78        0x4 build/debug/main.o
                0x08000b78                Error_Handler
 .text.MX_USART2_UART_Init
                0x08000b7c       0x34 build/debug/main.o
 .text.SystemClock_Config
                0x08000bb0       0xa4 build/debug/main.o
                0x08000bb0                SystemClock_Config
 .text.main     0x08000c54       0x7c build/debug/main.o
                0x08000c54                main
 .text.prvTaskExitError
                0x08000cd0       0x40 build/debug/port.o
 .text.prvPortStartFirstTask
                0x08000d10       0x28 build/debug/port.o
 .text.vPortEnableVFP
                0x08000d38       0x14 build/debug/port.o
 .text.pxPortInitialiseStack
                0x08000d4c       0x2c build/debug/port.o
                0x08000d4c                pxPortInitialiseStack
 *fill*         0x08000d78        0x8 
 .text.SVC_Handler
                0x08000d80       0x24 build/debug/port.o
                0x08000d80                SVC_Handler
 .text.vPortEnterCritical
                0x08000da4       0x44 build/debug/port.o
                0x08000da4                vPortEnterCritical
 .text.vPortExitCritical
                0x08000de8       0x2c build/debug/port.o
                0x08000de8                vPortExitCritical
 *fill*         0x08000e14        0xc 
 .text.PendSV_Handler
                0x08000e20       0x64 build/debug/port.o
                0x08000e20                PendSV_Handler
 .text.xPortSysTickHandler
                0x08000e84       0x2c build/debug/port.o
                0x08000e84                xPortSysTickHandler
 .text.vPortSetupTimerInterrupt
                0x08000eb0       0x28 build/debug/port.o
                0x08000eb0                vPortSetupTimerInterrupt
 .text.xPortStartScheduler
                0x08000ed8      0x118 build/debug/port.o
                0x08000ed8                xPortStartScheduler
 .text.vPortValidateInterruptPriority
                0x08000ff0       0x5c build/debug/port.o
                0x08000ff0                vPortValidateInterruptPriority
 .text.prvIsQueueFull
                0x0800104c       0x1e build/debug/queue.o
 .text.prvIsQueueEmpty
                0x0800106a       0x1a build/debug/queue.o
 .text.prvCopyDataToQueue
                0x08001084       0x76 build/debug/queue.o
 .text.prvCopyDataFromQueue
                0x080010fa       0x24 build/debug/queue.o
 .text.prvUnlockQueue
                0x0800111e       0x6e build/debug/queue.o
 .text.xQueueGenericReset
                0x0800118c       0x84 build/debug/queue.o
                0x0800118c                xQueueGenericReset
 .text.prvInitialiseNewQueue
                0x08001210       0x22 build/debug/queue.o
 .text.xQueueGenericCreateStatic
                0x08001232       0x94 build/debug/queue.o
                0x08001232                xQueueGenericCreateStatic
 .text.xQueueGenericCreate
                0x080012c6       0x48 build/debug/queue.o
                0x080012c6                xQueueGenericCreate
 .text.xQueueGenericSend
                0x0800130e      0x188 build/debug/queue.o
                0x0800130e                xQueueGenericSend
 .text.xQueueGenericSendFromISR
                0x08001496       0xce build/debug/queue.o
                0x08001496                xQueueGenericSendFromISR
 .text.xQueueReceive
                0x08001564      0x15e build/debug/queue.o
                0x08001564                xQueueReceive
 *fill*         0x080016c2        0x2 
 .text.vQueueAddToRegistry
                0x080016c4       0x28 build/debug/queue.o
                0x080016c4                vQueueAddToRegistry
 .text.vQueueWaitForMessageRestricted
                0x080016ec       0x52 build/debug/queue.o
                0x080016ec                vQueueWaitForMessageRestricted
 *fill*         0x0800173e        0x2 
 .text.receiverTask
                0x08001740       0x38 build/debug/receiverTask.o
                0x08001740                receiverTask
 .text.senderTask
                0x08001778       0xa4 build/debug/senderTask.o
                0x08001778                senderTask
 .text.HAL_Init
                0x0800181c       0x34 build/debug/stm32f4xx_hal.o
                0x0800181c                HAL_Init
 .text.HAL_IncTick
                0x08001850       0x18 build/debug/stm32f4xx_hal.o
                0x08001850                HAL_IncTick
 .text.HAL_GetTick
                0x08001868        0xc build/debug/stm32f4xx_hal.o
                0x08001868                HAL_GetTick
 .text.__NVIC_SetPriority
                0x08001874       0x28 build/debug/stm32f4xx_hal_cortex.o
 .text.NVIC_EncodePriority
                0x0800189c       0x3e build/debug/stm32f4xx_hal_cortex.o
 *fill*         0x080018da        0x2 
 .text.HAL_NVIC_SetPriorityGrouping
                0x080018dc       0x24 build/debug/stm32f4xx_hal_cortex.o
                0x080018dc                HAL_NVIC_SetPriorityGrouping
 .text.HAL_NVIC_SetPriority
                0x08001900       0x20 build/debug/stm32f4xx_hal_cortex.o
                0x08001900                HAL_NVIC_SetPriority
 .text.HAL_NVIC_EnableIRQ
                0x08001920       0x1c build/debug/stm32f4xx_hal_cortex.o
                0x08001920                HAL_NVIC_EnableIRQ
 .text.HAL_GPIO_Init
                0x0800193c      0x1e0 build/debug/stm32f4xx_hal_gpio.o
                0x0800193c                HAL_GPIO_Init
 .text.HAL_GPIO_WritePin
                0x08001b1c        0xc build/debug/stm32f4xx_hal_gpio.o
                0x08001b1c                HAL_GPIO_WritePin
 .text.HAL_MspInit
                0x08001b28       0x44 build/debug/stm32f4xx_hal_msp.o
                0x08001b28                HAL_MspInit
 .text.HAL_UART_MspInit
                0x08001b6c       0x70 build/debug/stm32f4xx_hal_msp.o
                0x08001b6c                HAL_UART_MspInit
 .text.HAL_RCC_ClockConfig
                0x08001bdc      0x160 build/debug/stm32f4xx_hal_rcc.o
                0x08001bdc                HAL_RCC_ClockConfig
 .text.HAL_RCC_GetHCLKFreq
                0x08001d3c        0xc build/debug/stm32f4xx_hal_rcc.o
                0x08001d3c                HAL_RCC_GetHCLKFreq
 .text.HAL_RCC_GetPCLK1Freq
                0x08001d48       0x20 build/debug/stm32f4xx_hal_rcc.o
                0x08001d48                HAL_RCC_GetPCLK1Freq
 .text.HAL_RCC_GetPCLK2Freq
                0x08001d68       0x20 build/debug/stm32f4xx_hal_rcc.o
                0x08001d68                HAL_RCC_GetPCLK2Freq
 .text.HAL_RCC_GetClockConfig
                0x08001d88       0x3c build/debug/stm32f4xx_hal_rcc.o
                0x08001d88                HAL_RCC_GetClockConfig
 .text.HAL_RCC_GetSysClockFreq
                0x08001dc4      0x190 build/debug/stm32f4xx_hal_rcc_ex.o
                0x08001dc4                HAL_RCC_GetSysClockFreq
 .text.HAL_RCC_OscConfig
                0x08001f54      0x444 build/debug/stm32f4xx_hal_rcc_ex.o
                0x08001f54                HAL_RCC_OscConfig
 .text.HAL_TIM_Base_MspInit
                0x08002398        0x2 build/debug/stm32f4xx_hal_tim.o
                0x08002398                HAL_TIM_Base_MspInit
 *fill*         0x0800239a        0x2 
 .text.HAL_TIM_Base_Start_IT
                0x0800239c       0x84 build/debug/stm32f4xx_hal_tim.o
                0x0800239c                HAL_TIM_Base_Start_IT
 .text.HAL_TIM_OC_DelayElapsedCallback
                0x08002420        0x2 build/debug/stm32f4xx_hal_tim.o
                0x08002420                HAL_TIM_OC_DelayElapsedCallback
 .text.HAL_TIM_IC_CaptureCallback
                0x08002422        0x2 build/debug/stm32f4xx_hal_tim.o
                0x08002422                HAL_TIM_IC_CaptureCallback
 .text.HAL_TIM_PWM_PulseFinishedCallback
                0x08002424        0x2 build/debug/stm32f4xx_hal_tim.o
                0x08002424                HAL_TIM_PWM_PulseFinishedCallback
 .text.HAL_TIM_TriggerCallback
                0x08002426        0x2 build/debug/stm32f4xx_hal_tim.o
                0x08002426                HAL_TIM_TriggerCallback
 .text.HAL_TIM_IRQHandler
                0x08002428      0x17a build/debug/stm32f4xx_hal_tim.o
                0x08002428                HAL_TIM_IRQHandler
 *fill*         0x080025a2        0x2 
 .text.TIM_Base_SetConfig
                0x080025a4       0xc8 build/debug/stm32f4xx_hal_tim.o
                0x080025a4                TIM_Base_SetConfig
 .text.HAL_TIM_Base_Init
                0x0800266c       0x58 build/debug/stm32f4xx_hal_tim.o
                0x0800266c                HAL_TIM_Base_Init
 .text.HAL_TIMEx_CommutCallback
                0x080026c4        0x2 build/debug/stm32f4xx_hal_tim_ex.o
                0x080026c4                HAL_TIMEx_CommutCallback
 .text.HAL_TIMEx_BreakCallback
                0x080026c6        0x2 build/debug/stm32f4xx_hal_tim_ex.o
                0x080026c6                HAL_TIMEx_BreakCallback
 .text.HAL_InitTick
                0x080026c8       0x94 build/debug/stm32f4xx_hal_timebase_tim.o
                0x080026c8                HAL_InitTick
 .text.UART_SetConfig
                0x0800275c      0x110 build/debug/stm32f4xx_hal_uart.o
 .text.HAL_UART_Init
                0x0800286c       0x5e build/debug/stm32f4xx_hal_uart.o
                0x0800286c                HAL_UART_Init
 .text.NMI_Handler
                0x080028ca        0x2 build/debug/stm32f4xx_it.o
                0x080028ca                NMI_Handler
 .text.HardFault_Handler
                0x080028cc        0x2 build/debug/stm32f4xx_it.o
                0x080028cc                HardFault_Handler
 .text.MemManage_Handler
                0x080028ce        0x2 build/debug/stm32f4xx_it.o
                0x080028ce                MemManage_Handler
 .text.BusFault_Handler
                0x080028d0        0x2 build/debug/stm32f4xx_it.o
                0x080028d0                BusFault_Handler
 .text.UsageFault_Handler
                0x080028d2        0x2 build/debug/stm32f4xx_it.o
                0x080028d2                UsageFault_Handler
 .text.DebugMon_Handler
                0x080028d4        0x2 build/debug/stm32f4xx_it.o
                0x080028d4                DebugMon_Handler
 *fill*         0x080028d6        0x2 
 .text.TIM1_UP_TIM10_IRQHandler
                0x080028d8       0x10 build/debug/stm32f4xx_it.o
                0x080028d8                TIM1_UP_TIM10_IRQHandler
 .text._read    0x080028e8       0x20 build/debug/syscalls.o
                0x080028e8                _read
 .text._write   0x08002908       0x1c build/debug/syscalls.o
                0x08002908                _write
 .text._close   0x08002924        0x6 build/debug/syscalls.o
                0x08002924                _close
 .text._fstat   0x0800292a        0xa build/debug/syscalls.o
                0x0800292a                _fstat
 .text._isatty  0x08002934        0x4 build/debug/syscalls.o
                0x08002934                _isatty
 .text._lseek   0x08002938        0x4 build/debug/syscalls.o
                0x08002938                _lseek
 .text._sbrk    0x0800293c       0x48 build/debug/sysmem.o
                0x0800293c                _sbrk
 .text.SystemInit
                0x08002984       0x14 build/debug/system_stm32f4xx.o
                0x08002984                SystemInit
 .text.prvResetNextTaskUnblockTime
                0x08002998       0x2c build/debug/tasks.o
 .text.prvInitialiseNewTask
                0x080029c4      0x104 build/debug/tasks.o
 .text.prvInitialiseTaskLists
                0x08002ac8       0x68 build/debug/tasks.o
 .text.prvAddNewTaskToReadyList
                0x08002b30       0xac build/debug/tasks.o
 .text.prvDeleteTCB
                0x08002bdc       0x40 build/debug/tasks.o
 .text.prvCheckTasksWaitingTermination
                0x08002c1c       0x4c build/debug/tasks.o
 .text.prvIdleTask
                0x08002c68       0x28 build/debug/tasks.o
 .text.prvAddCurrentTaskToDelayedList
                0x08002c90       0x7c build/debug/tasks.o
 .text.xTaskCreateStatic
                0x08002d0c       0x7a build/debug/tasks.o
                0x08002d0c                xTaskCreateStatic
 .text.xTaskCreate
                0x08002d86       0x66 build/debug/tasks.o
                0x08002d86                xTaskCreate
 .text.vTaskStartScheduler
                0x08002dec       0xac build/debug/tasks.o
                0x08002dec                vTaskStartScheduler
 .text.vTaskSuspendAll
                0x08002e98       0x10 build/debug/tasks.o
                0x08002e98                vTaskSuspendAll
 .text.xTaskGetTickCount
                0x08002ea8        0xc build/debug/tasks.o
                0x08002ea8                xTaskGetTickCount
 .text.xTaskIncrementTick
                0x08002eb4      0x118 build/debug/tasks.o
                0x08002eb4                xTaskIncrementTick
 .text.xTaskResumeAll
                0x08002fcc       0xf8 build/debug/tasks.o
                0x08002fcc                xTaskResumeAll
 .text.vTaskDelayUntil
                0x080030c4       0xa4 build/debug/tasks.o
                0x080030c4                vTaskDelayUntil
 .text.vTaskDelay
                0x08003168       0x4c build/debug/tasks.o
                0x08003168                vTaskDelay
 .text.vTaskSwitchContext
                0x080031b4       0xa4 build/debug/tasks.o
                0x080031b4                vTaskSwitchContext
 .text.vTaskPlaceOnEventList
                0x08003258       0x30 build/debug/tasks.o
                0x08003258                vTaskPlaceOnEventList
 .text.vTaskPlaceOnEventListRestricted
                0x08003288       0x38 build/debug/tasks.o
                0x08003288                vTaskPlaceOnEventListRestricted
 .text.xTaskRemoveFromEventList
                0x080032c0       0x8c build/debug/tasks.o
                0x080032c0                xTaskRemoveFromEventList
 .text.vTaskInternalSetTimeOutState
                0x0800334c       0x18 build/debug/tasks.o
                0x0800334c                vTaskInternalSetTimeOutState
 .text.xTaskCheckForTimeOut
                0x08003364       0x88 build/debug/tasks.o
                0x08003364                xTaskCheckForTimeOut
 .text.vTaskMissedYield
                0x080033ec        0xc build/debug/tasks.o
                0x080033ec                vTaskMissedYield
 .text.xTaskGetSchedulerState
                0x080033f8       0x20 build/debug/tasks.o
                0x080033f8                xTaskGetSchedulerState
 .text.xTaskPriorityDisinherit
                0x08003418       0x90 build/debug/tasks.o
                0x08003418                xTaskPriorityDisinherit
 .text.prvGetNextExpireTime
                0x080034a8       0x20 build/debug/timers.o
 .text.prvInsertTimerInActiveList
                0x080034c8       0x48 build/debug/timers.o
 .text.prvCheckForValidListAndQueue
                0x08003510       0x70 build/debug/timers.o
 .text.xTimerCreateTimerTask
                0x08003580       0x64 build/debug/timers.o
                0x08003580                xTimerCreateTimerTask
 .text.xTimerGenericCommand
                0x080035e4       0x6c build/debug/timers.o
                0x080035e4                xTimerGenericCommand
 .text.prvSwitchTimerLists
                0x08003650       0x7c build/debug/timers.o
 .text.prvSampleTimeNow
                0x080036cc       0x2c build/debug/timers.o
 .text.prvProcessExpiredTimer
                0x080036f8       0x6c build/debug/timers.o
 .text.prvProcessTimerOrBlockTask
                0x08003764       0x74 build/debug/timers.o
 .text.prvProcessReceivedCommands
                0x080037d8      0x10c build/debug/timers.o
 .text.prvTimerTask
                0x080038e4       0x16 build/debug/timers.o
 *fill*         0x080038fa        0x2 
 .text.Reset_Handler
                0x080038fc       0x50 build/debug/startup_stm32f446xx.o
                0x080038fc                Reset_Handler
 .text.Default_Handler
                0x0800394c        0x2 build/debug/startup_stm32f446xx.o
                0x0800394c                RTC_Alarm_IRQHandler
                0x0800394c                EXTI2_IRQHandler
                0x0800394c                TIM8_CC_IRQHandler
                0x0800394c                FMPI2C1_EV_IRQHandler
                0x0800394c                SPI4_IRQHandler
                0x0800394c                TIM1_CC_IRQHandler
                0x0800394c                DMA2_Stream5_IRQHandler
                0x0800394c                DMA1_Stream5_IRQHandler
                0x0800394c                PVD_IRQHandler
                0x0800394c                SDIO_IRQHandler
                0x0800394c                TAMP_STAMP_IRQHandler
                0x0800394c                CAN2_RX1_IRQHandler
                0x0800394c                EXTI3_IRQHandler
                0x0800394c                TIM8_TRG_COM_TIM14_IRQHandler
                0x0800394c                TIM8_UP_TIM13_IRQHandler
                0x0800394c                I2C3_ER_IRQHandler
                0x0800394c                EXTI0_IRQHandler
                0x0800394c                I2C2_EV_IRQHandler
                0x0800394c                DMA1_Stream2_IRQHandler
                0x0800394c                CAN1_RX0_IRQHandler
                0x0800394c                FPU_IRQHandler
                0x0800394c                OTG_HS_WKUP_IRQHandler
                0x0800394c                CAN2_SCE_IRQHandler
                0x0800394c                DMA2_Stream2_IRQHandler
                0x0800394c                SPI1_IRQHandler
                0x0800394c                TIM6_DAC_IRQHandler
                0x0800394c                TIM1_BRK_TIM9_IRQHandler
                0x0800394c                DCMI_IRQHandler
                0x0800394c                CAN2_RX0_IRQHandler
                0x0800394c                DMA2_Stream3_IRQHandler
                0x0800394c                SAI2_IRQHandler
                0x0800394c                USART6_IRQHandler
                0x0800394c                USART3_IRQHandler
                0x0800394c                CAN1_RX1_IRQHandler
                0x0800394c                UART5_IRQHandler
                0x0800394c                DMA2_Stream0_IRQHandler
                0x0800394c                TIM4_IRQHandler
                0x0800394c                QUADSPI_IRQHandler
                0x0800394c                I2C1_EV_IRQHandler
                0x0800394c                DMA1_Stream6_IRQHandler
                0x0800394c                DMA1_Stream1_IRQHandler
                0x0800394c                UART4_IRQHandler
                0x0800394c                TIM3_IRQHandler
                0x0800394c                RCC_IRQHandler
                0x0800394c                TIM8_BRK_TIM12_IRQHandler
                0x0800394c                Default_Handler
                0x0800394c                CEC_IRQHandler
                0x0800394c                EXTI15_10_IRQHandler
                0x0800394c                ADC_IRQHandler
                0x0800394c                DMA1_Stream7_IRQHandler
                0x0800394c                TIM7_IRQHandler
                0x0800394c                CAN2_TX_IRQHandler
                0x0800394c                TIM5_IRQHandler
                0x0800394c                DMA2_Stream7_IRQHandler
                0x0800394c                I2C3_EV_IRQHandler
                0x0800394c                EXTI9_5_IRQHandler
                0x0800394c                RTC_WKUP_IRQHandler
                0x0800394c                SPDIF_RX_IRQHandler
                0x0800394c                SPI2_IRQHandler
                0x0800394c                OTG_HS_EP1_IN_IRQHandler
                0x0800394c                DMA1_Stream0_IRQHandler
                0x0800394c                CAN1_TX_IRQHandler
                0x0800394c                FMPI2C1_ER_IRQHandler
                0x0800394c                EXTI4_IRQHandler
                0x0800394c                OTG_HS_EP1_OUT_IRQHandler
                0x0800394c                WWDG_IRQHandler
                0x0800394c                TIM2_IRQHandler
                0x0800394c                OTG_FS_WKUP_IRQHandler
                0x0800394c                TIM1_TRG_COM_TIM11_IRQHandler
                0x0800394c                OTG_HS_IRQHandler
                0x0800394c                EXTI1_IRQHandler
                0x0800394c                USART2_IRQHandler
                0x0800394c                I2C2_ER_IRQHandler
                0x0800394c                DMA2_Stream1_IRQHandler
                0x0800394c                CAN1_SCE_IRQHandler
                0x0800394c                FLASH_IRQHandler
                0x0800394c                DMA2_Stream4_IRQHandler
                0x0800394c                USART1_IRQHandler
                0x0800394c                OTG_FS_IRQHandler
                0x0800394c                SPI3_IRQHandler
                0x0800394c                DMA1_Stream4_IRQHandler
                0x0800394c                I2C1_ER_IRQHandler
                0x0800394c                FMC_IRQHandler
                0x0800394c                DMA2_Stream6_IRQHandler
                0x0800394c                SAI1_IRQHandler
                0x0800394c                DMA1_Stream3_IRQHandler
 *fill*         0x0800394e        0x2 
 .text.std      0x08003950       0x6c /home/nil/.config/VSCodium/User/globalStorage/bmd.stm32-for-vscode/@xpack-dev-tools/arm-none-eabi-gcc/14.2.1-1.1.1/.content/bin/../lib/gcc/arm-none-eabi/14.2.1/../../../../arm-none-eabi/lib/thumb/v7e-m+fp/hard/libc_nano.a(libc_a-findfp.o)
 .text.stdio_exit_handler
                0x080039bc       0x18 /home/nil/.config/VSCodium/User/globalStorage/bmd.stm32-for-vscode/@xpack-dev-tools/arm-none-eabi-gcc/14.2.1-1.1.1/.content/bin/../lib/gcc/arm-none-eabi/14.2.1/../../../../arm-none-eabi/lib/thumb/v7e-m+fp/hard/libc_nano.a(libc_a-findfp.o)
 .text.cleanup_stdio
                0x080039d4       0x40 /home/nil/.config/VSCodium/User/globalStorage/bmd.stm32-for-vscode/@xpack-dev-tools/arm-none-eabi-gcc/14.2.1-1.1.1/.content/bin/../lib/gcc/arm-none-eabi/14.2.1/../../../../arm-none-eabi/lib/thumb/v7e-m+fp/hard/libc_nano.a(libc_a-findfp.o)
 .text.global_stdio_init.part.0
                0x08003a14       0x40 /home/nil/.config/VSCodium/User/globalStorage/bmd.stm32-for-vscode/@xpack-dev-tools/arm-none-eabi-gcc/14.2.1-1.1.1/.content/bin/../lib/gcc/arm-none-eabi/14.2.1/../../../../arm-none-eabi/lib/thumb/v7e-m+fp/hard/libc_nano.a(libc_a-findfp.o)
 .text.__sfp_lock_acquire
                0x08003a54        0xc /home/nil/.config/VSCodium/User/globalStorage/bmd.stm32-for-vscode/@xpack-dev-tools/arm-none-eabi-gcc/14.2.1-1.1.1/.content/bin/../lib/gcc/arm-none-eabi/14.2.1/../../../../arm-none-eabi/lib/thumb/v7e-m+fp/hard/libc_nano.a(libc_a-findfp.o)
                0x08003a54                __sfp_lock_acquire
 .text.__sfp_lock_release
                0x08003a60        0xc /home/nil/.config/VSCodium/User/globalStorage/bmd.stm32-for-vscode/@xpack-dev-tools/arm-none-eabi-gcc/14.2.1-1.1.1/.content/bin/../lib/gcc/arm-none-eabi/14.2.1/../../../../arm-none-eabi/lib/thumb/v7e-m+fp/hard/libc_nano.a(libc_a-findfp.o)
                0x08003a60                __sfp_lock_release
 .text.__sinit  0x08003a6c       0x30 /home/nil/.config/VSCodium/User/globalStorage/bmd.stm32-for-vscode/@xpack-dev-tools/arm-none-eabi-gcc/14.2.1-1.1.1/.content/bin/../lib/gcc/arm-none-eabi/14.2.1/../../../../arm-none-eabi/lib/thumb/v7e-m+fp/hard/libc_nano.a(libc_a-findfp.o)
                0x08003a6c                __sinit
 .text._fwalk_sglue
                0x08003a9c       0x3c /home/nil/.config/VSCodium/User/globalStorage/bmd.stm32-for-vscode/@xpack-dev-tools/arm-none-eabi-gcc/14.2.1-1.1.1/.content/bin/../lib/gcc/arm-none-eabi/14.2.1/../../../../arm-none-eabi/lib/thumb/v7e-m+fp/hard/libc_nano.a(libc_a-fwalk.o)
                0x08003a9c                _fwalk_sglue
 .text.printf   0x08003ad8       0x24 /home/nil/.config/VSCodium/User/globalStorage/bmd.stm32-for-vscode/@xpack-dev-tools/arm-none-eabi-gcc/14.2.1-1.1.1/.content/bin/../lib/gcc/arm-none-eabi/14.2.1/../../../../arm-none-eabi/lib/thumb/v7e-m+fp/hard/libc_nano.a(libc_a-printf.o)
                0x08003ad8                printf
                0x08003ad8                iprintf
 .text._puts_r  0x08003afc       0xaa /home/nil/.config/VSCodium/User/globalStorage/bmd.stm32-for-vscode/@xpack-dev-tools/arm-none-eabi-gcc/14.2.1-1.1.1/.content/bin/../lib/gcc/arm-none-eabi/14.2.1/../../../../arm-none-eabi/lib/thumb/v7e-m+fp/hard/libc_nano.a(libc_a-puts.o)
                0x08003afc                _puts_r
 *fill*         0x08003ba6        0x2 
 .text.puts     0x08003ba8       0x10 /home/nil/.config/VSCodium/User/globalStorage/bmd.stm32-for-vscode/@xpack-dev-tools/arm-none-eabi-gcc/14.2.1-1.1.1/.content/bin/../lib/gcc/arm-none-eabi/14.2.1/../../../../arm-none-eabi/lib/thumb/v7e-m+fp/hard/libc_nano.a(libc_a-puts.o)
                0x08003ba8                puts
 .text.__sread  0x08003bb8       0x22 /home/nil/.config/VSCodium/User/globalStorage/bmd.stm32-for-vscode/@xpack-dev-tools/arm-none-eabi-gcc/14.2.1-1.1.1/.content/bin/../lib/gcc/arm-none-eabi/14.2.1/../../../../arm-none-eabi/lib/thumb/v7e-m+fp/hard/libc_nano.a(libc_a-stdio.o)
                0x08003bb8                __sread
 .text.__swrite
                0x08003bda       0x38 /home/nil/.config/VSCodium/User/globalStorage/bmd.stm32-for-vscode/@xpack-dev-tools/arm-none-eabi-gcc/14.2.1-1.1.1/.content/bin/../lib/gcc/arm-none-eabi/14.2.1/../../../../arm-none-eabi/lib/thumb/v7e-m+fp/hard/libc_nano.a(libc_a-stdio.o)
                0x08003bda                __swrite
 .text.__sseek  0x08003c12       0x26 /home/nil/.config/VSCodium/User/globalStorage/bmd.stm32-for-vscode/@xpack-dev-tools/arm-none-eabi-gcc/14.2.1-1.1.1/.content/bin/../lib/gcc/arm-none-eabi/14.2.1/../../../../arm-none-eabi/lib/thumb/v7e-m+fp/hard/libc_nano.a(libc_a-stdio.o)
                0x08003c12                __sseek
 .text.__sclose
                0x08003c38        0x8 /home/nil/.config/VSCodium/User/globalStorage/bmd.stm32-for-vscode/@xpack-dev-tools/arm-none-eabi-gcc/14.2.1-1.1.1/.content/bin/../lib/gcc/arm-none-eabi/14.2.1/../../../../arm-none-eabi/lib/thumb/v7e-m+fp/hard/libc_nano.a(libc_a-stdio.o)
                0x08003c38                __sclose
 .text.__swbuf_r
                0x08003c40       0x7c /home/nil/.config/VSCodium/User/globalStorage/bmd.stm32-for-vscode/@xpack-dev-tools/arm-none-eabi-gcc/14.2.1-1.1.1/.content/bin/../lib/gcc/arm-none-eabi/14.2.1/../../../../arm-none-eabi/lib/thumb/v7e-m+fp/hard/libc_nano.a(libc_a-wbuf.o)
                0x08003c40                __swbuf_r
 .text.__swsetup_r
                0x08003cbc       0xa8 /home/nil/.config/VSCodium/User/globalStorage/bmd.stm32-for-vscode/@xpack-dev-tools/arm-none-eabi-gcc/14.2.1-1.1.1/.content/bin/../lib/gcc/arm-none-eabi/14.2.1/../../../../arm-none-eabi/lib/thumb/v7e-m+fp/hard/libc_nano.a(libc_a-wsetup.o)
                0x08003cbc                __swsetup_r
 .text.memset   0x08003d64       0x10 /home/nil/.config/VSCodium/User/globalStorage/bmd.stm32-for-vscode/@xpack-dev-tools/arm-none-eabi-gcc/14.2.1-1.1.1/.content/bin/../lib/gcc/arm-none-eabi/14.2.1/../../../../arm-none-eabi/lib/thumb/v7e-m+fp/hard/libc_nano.a(libc_a-memset.o)
                0x08003d64                memset
 .text._close_r
                0x08003d74       0x20 /home/nil/.config/VSCodium/User/globalStorage/bmd.stm32-for-vscode/@xpack-dev-tools/arm-none-eabi-gcc/14.2.1-1.1.1/.content/bin/../lib/gcc/arm-none-eabi/14.2.1/../../../../arm-none-eabi/lib/thumb/v7e-m+fp/hard/libc_nano.a(libc_a-closer.o)
                0x08003d74                _close_r
 .text._reclaim_reent
                0x08003d94       0xbc /home/nil/.config/VSCodium/User/globalStorage/bmd.stm32-for-vscode/@xpack-dev-tools/arm-none-eabi-gcc/14.2.1-1.1.1/.content/bin/../lib/gcc/arm-none-eabi/14.2.1/../../../../arm-none-eabi/lib/thumb/v7e-m+fp/hard/libc_nano.a(libc_a-reent.o)
                0x08003d94                _reclaim_reent
 .text._lseek_r
                0x08003e50       0x24 /home/nil/.config/VSCodium/User/globalStorage/bmd.stm32-for-vscode/@xpack-dev-tools/arm-none-eabi-gcc/14.2.1-1.1.1/.content/bin/../lib/gcc/arm-none-eabi/14.2.1/../../../../arm-none-eabi/lib/thumb/v7e-m+fp/hard/libc_nano.a(libc_a-lseekr.o)
                0x08003e50                _lseek_r
 .text._read_r  0x08003e74       0x24 /home/nil/.config/VSCodium/User/globalStorage/bmd.stm32-for-vscode/@xpack-dev-tools/arm-none-eabi-gcc/14.2.1-1.1.1/.content/bin/../lib/gcc/arm-none-eabi/14.2.1/../../../../arm-none-eabi/lib/thumb/v7e-m+fp/hard/libc_nano.a(libc_a-readr.o)
                0x08003e74                _read_r
 .text._write_r
                0x08003e98       0x24 /home/nil/.config/VSCodium/User/globalStorage/bmd.stm32-for-vscode/@xpack-dev-tools/arm-none-eabi-gcc/14.2.1-1.1.1/.content/bin/../lib/gcc/arm-none-eabi/14.2.1/../../../../arm-none-eabi/lib/thumb/v7e-m+fp/hard/libc_nano.a(libc_a-writer.o)
                0x08003e98                _write_r
 .text.__errno  0x08003ebc        0xc /home/nil/.config/VSCodium/User/globalStorage/bmd.stm32-for-vscode/@xpack-dev-tools/arm-none-eabi-gcc/14.2.1-1.1.1/.content/bin/../lib/gcc/arm-none-eabi/14.2.1/../../../../arm-none-eabi/lib/thumb/v7e-m+fp/hard/libc_nano.a(libc_a-errno.o)
                0x08003ebc                __errno
 .text.__libc_init_array
                0x08003ec8       0x48 /home/nil/.config/VSCodium/User/globalStorage/bmd.stm32-for-vscode/@xpack-dev-tools/arm-none-eabi-gcc/14.2.1-1.1.1/.content/bin/../lib/gcc/arm-none-eabi/14.2.1/../../../../arm-none-eabi/lib/thumb/v7e-m+fp/hard/libc_nano.a(libc_a-init.o)
                0x08003ec8                __libc_init_array
 .text.__retarget_lock_init_recursive
                0x08003f10        0x2 /home/nil/.config/VSCodium/User/globalStorage/bmd.stm32-for-vscode/@xpack-dev-tools/arm-none-eabi-gcc/14.2.1-1.1.1/.content/bin/../lib/gcc/arm-none-eabi/14.2.1/../../../../arm-none-eabi/lib/thumb/v7e-m+fp/hard/libc_nano.a(libc_a-lock.o)
                0x08003f10                __retarget_lock_init_recursive
 .text.__retarget_lock_acquire_recursive
                0x08003f12        0x2 /home/nil/.config/VSCodium/User/globalStorage/bmd.stm32-for-vscode/@xpack-dev-tools/arm-none-eabi-gcc/14.2.1-1.1.1/.content/bin/../lib/gcc/arm-none-eabi/14.2.1/../../../../arm-none-eabi/lib/thumb/v7e-m+fp/hard/libc_nano.a(libc_a-lock.o)
                0x08003f12                __retarget_lock_acquire_recursive
 .text.__retarget_lock_release_recursive
                0x08003f14        0x2 /home/nil/.config/VSCodium/User/globalStorage/bmd.stm32-for-vscode/@xpack-dev-tools/arm-none-eabi-gcc/14.2.1-1.1.1/.content/bin/../lib/gcc/arm-none-eabi/14.2.1/../../../../arm-none-eabi/lib/thumb/v7e-m+fp/hard/libc_nano.a(libc_a-lock.o)
                0x08003f14                __retarget_lock_release_recursive
 .text.memcpy   0x08003f16       0x1c /home/nil/.config/VSCodium/User/globalStorage/bmd.stm32-for-vscode/@xpack-dev-tools/arm-none-eabi-gcc/14.2.1-1.1.1/.content/bin/../lib/gcc/arm-none-eabi/14.2.1/../../../../arm-none-eabi/lib/thumb/v7e-m+fp/hard/libc_nano.a(libc_a-memcpy-stub.o)
                0x08003f16                memcpy
 *fill*         0x08003f32        0x2 
 .text._free_r  0x08003f34       0x94 /home/nil/.config/VSCodium/User/globalStorage/bmd.stm32-for-vscode/@xpack-dev-tools/arm-none-eabi-gcc/14.2.1-1.1.1/.content/bin/../lib/gcc/arm-none-eabi/14.2.1/../../../../arm-none-eabi/lib/thumb/v7e-m+fp/hard/libc_nano.a(libc_a-freer.o)
                0x08003f34                _free_r
 .text.sbrk_aligned
                0x08003fc8       0x44 /home/nil/.config/VSCodium/User/globalStorage/bmd.stm32-for-vscode/@xpack-dev-tools/arm-none-eabi-gcc/14.2.1-1.1.1/.content/bin/../lib/gcc/arm-none-eabi/14.2.1/../../../../arm-none-eabi/lib/thumb/v7e-m+fp/hard/libc_nano.a(libc_a-mallocr.o)
 .text._malloc_r
                0x0800400c      0x100 /home/nil/.config/VSCodium/User/globalStorage/bmd.stm32-for-vscode/@xpack-dev-tools/arm-none-eabi-gcc/14.2.1-1.1.1/.content/bin/../lib/gcc/arm-none-eabi/14.2.1/../../../../arm-none-eabi/lib/thumb/v7e-m+fp/hard/libc_nano.a(libc_a-mallocr.o)
                0x0800400c                _malloc_r
 .text.__malloc_lock
                0x0800410c        0xc /home/nil/.config/VSCodium/User/globalStorage/bmd.stm32-for-vscode/@xpack-dev-tools/arm-none-eabi-gcc/14.2.1-1.1.1/.content/bin/../lib/gcc/arm-none-eabi/14.2.1/../../../../arm-none-eabi/lib/thumb/v7e-m+fp/hard/libc_nano.a(libc_a-mlock.o)
                0x0800410c                __malloc_lock
 .text.__malloc_unlock
                0x08004118        0xc /home/nil/.config/VSCodium/User/globalStorage/bmd.stm32-for-vscode/@xpack-dev-tools/arm-none-eabi-gcc/14.2.1-1.1.1/.content/bin/../lib/gcc/arm-none-eabi/14.2.1/../../../../arm-none-eabi/lib/thumb/v7e-m+fp/hard/libc_nano.a(libc_a-mlock.o)
                0x08004118                __malloc_unlock
 .text.__sfputc_r
                0x08004124       0x2e /home/nil/.config/VSCodium/User/globalStorage/bmd.stm32-for-vscode/@xpack-dev-tools/arm-none-eabi-gcc/14.2.1-1.1.1/.content/bin/../lib/gcc/arm-none-eabi/14.2.1/../../../../arm-none-eabi/lib/thumb/v7e-m+fp/hard/libc_nano.a(libc_a-nano-vfprintf.o)
 .text.__sfputs_r
                0x08004152       0x24 /home/nil/.config/VSCodium/User/globalStorage/bmd.stm32-for-vscode/@xpack-dev-tools/arm-none-eabi-gcc/14.2.1-1.1.1/.content/bin/../lib/gcc/arm-none-eabi/14.2.1/../../../../arm-none-eabi/lib/thumb/v7e-m+fp/hard/libc_nano.a(libc_a-nano-vfprintf.o)
                0x08004152                __sfputs_r
 *fill*         0x08004176        0x2 
 .text._vfprintf_r
                0x08004178      0x230 /home/nil/.config/VSCodium/User/globalStorage/bmd.stm32-for-vscode/@xpack-dev-tools/arm-none-eabi-gcc/14.2.1-1.1.1/.content/bin/../lib/gcc/arm-none-eabi/14.2.1/../../../../arm-none-eabi/lib/thumb/v7e-m+fp/hard/libc_nano.a(libc_a-nano-vfprintf.o)
                0x08004178                _vfiprintf_r
                0x08004178                _vfprintf_r
 .text._printf_common
                0x080043a8       0xda /home/nil/.config/VSCodium/User/globalStorage/bmd.stm32-for-vscode/@xpack-dev-tools/arm-none-eabi-gcc/14.2.1-1.1.1/.content/bin/../lib/gcc/arm-none-eabi/14.2.1/../../../../arm-none-eabi/lib/thumb/v7e-m+fp/hard/libc_nano.a(libc_a-nano-vfprintf_i.o)
                0x080043a8                _printf_common
 *fill*         0x08004482        0x2 
 .text._printf_i
                0x08004484      0x240 /home/nil/.config/VSCodium/User/globalStorage/bmd.stm32-for-vscode/@xpack-dev-tools/arm-none-eabi-gcc/14.2.1-1.1.1/.content/bin/../lib/gcc/arm-none-eabi/14.2.1/../../../../arm-none-eabi/lib/thumb/v7e-m+fp/hard/libc_nano.a(libc_a-nano-vfprintf_i.o)
                0x08004484                _printf_i
 .text.__sflush_r
                0x080046c4      0x104 /home/nil/.config/VSCodium/User/globalStorage/bmd.stm32-for-vscode/@xpack-dev-tools/arm-none-eabi-gcc/14.2.1-1.1.1/.content/bin/../lib/gcc/arm-none-eabi/14.2.1/../../../../arm-none-eabi/lib/thumb/v7e-m+fp/hard/libc_nano.a(libc_a-fflush.o)
                0x080046c4                __sflush_r
 .text._fflush_r
                0x080047c8       0x50 /home/nil/.config/VSCodium/User/globalStorage/bmd.stm32-for-vscode/@xpack-dev-tools/arm-none-eabi-gcc/14.2.1-1.1.1/.content/bin/../lib/gcc/arm-none-eabi/14.2.1/../../../../arm-none-eabi/lib/thumb/v7e-m+fp/hard/libc_nano.a(libc_a-fflush.o)
                0x080047c8                _fflush_r
 .text.__swhatbuf_r
                0x08004818       0x48 /home/nil/.config/VSCodium/User/globalStorage/bmd.stm32-for-vscode/@xpack-dev-tools/arm-none-eabi-gcc/14.2.1-1.1.1/.content/bin/../lib/gcc/arm-none-eabi/14.2.1/../../../../arm-none-eabi/lib/thumb/v7e-m+fp/hard/libc_nano.a(libc_a-makebuf.o)
                0x08004818                __swhatbuf_r
 .text.__smakebuf_r
                0x08004860       0x72 /home/nil/.config/VSCodium/User/globalStorage/bmd.stm32-for-vscode/@xpack-dev-tools/arm-none-eabi-gcc/14.2.1-1.1.1/.content/bin/../lib/gcc/arm-none-eabi/14.2.1/../../../../arm-none-eabi/lib/thumb/v7e-m+fp/hard/libc_nano.a(libc_a-makebuf.o)
                0x08004860                __smakebuf_r
 *fill*         0x080048d2        0x2 
 .text._fstat_r
                0x080048d4       0x24 /home/nil/.config/VSCodium/User/globalStorage/bmd.stm32-for-vscode/@xpack-dev-tools/arm-none-eabi-gcc/14.2.1-1.1.1/.content/bin/../lib/gcc/arm-none-eabi/14.2.1/../../../../arm-none-eabi/lib/thumb/v7e-m+fp/hard/libc_nano.a(libc_a-fstatr.o)
                0x080048d4                _fstat_r
 .text._isatty_r
                0x080048f8       0x20 /home/nil/.config/VSCodium/User/globalStorage/bmd.stm32-for-vscode/@xpack-dev-tools/arm-none-eabi-gcc/14.2.1-1.1.1/.content/bin/../lib/gcc/arm-none-eabi/14.2.1/../../../../arm-none-eabi/lib/thumb/v7e-m+fp/hard/libc_nano.a(libc_a-isattyr.o)
                0x080048f8                _isatty_r
 .text._sbrk_r  0x08004918       0x20 /home/nil/.config/VSCodium/User/globalStorage/bmd.stm32-for-vscode/@xpack-dev-tools/arm-none-eabi-gcc/14.2.1-1.1.1/.content/bin/../lib/gcc/arm-none-eabi/14.2.1/../../../../arm-none-eabi/lib/thumb/v7e-m+fp/hard/libc_nano.a(libc_a-sbrkr.o)
                0x08004918                _sbrk_r
 .text.__udivmoddi4
                0x08004938      0x2f8 /home/nil/.config/VSCodium/User/globalStorage/bmd.stm32-for-vscode/@xpack-dev-tools/arm-none-eabi-gcc/14.2.1-1.1.1/.content/bin/../lib/gcc/arm-none-eabi/14.2.1/thumb/v7e-m+fp/hard/libgcc.a(_udivmoddi4.o)
                0x08004938                __udivmoddi4
 *(.glue_7)
 .glue_7        0x08004c30        0x0 linker stubs
 *(.glue_7t)
 .glue_7t       0x08004c30        0x0 linker stubs
 *(.eh_frame)
 .eh_frame      0x08004c30        0x0 /home/nil/.config/VSCodium/User/globalStorage/bmd.stm32-for-vscode/@xpack-dev-tools/arm-none-eabi-gcc/14.2.1-1.1.1/.content/bin/../lib/gcc/arm-none-eabi/14.2.1/thumb/v7e-m+fp/hard/crtbegin.o
 *(.init)
 .init          0x08004c30        0x4 /home/nil/.config/VSCodium/User/globalStorage/bmd.stm32-for-vscode/@xpack-dev-tools/arm-none-eabi-gcc/14.2.1-1.1.1/.content/bin/../lib/gcc/arm-none-eabi/14.2.1/thumb/v7e-m+fp/hard/crti.o
                0x08004c30                _init
 .init          0x08004c34        0x8 /home/nil/.config/VSCodium/User/globalStorage/bmd.stm32-for-vscode/@xpack-dev-tools/arm-none-eabi-gcc/14.2.1-1.1.1/.content/bin/../lib/gcc/arm-none-eabi/14.2.1/thumb/v7e-m+fp/hard/crtn.o
 *(.fini)
 .fini          0x08004c3c        0x4 /home/nil/.config/VSCodium/User/globalStorage/bmd.stm32-for-vscode/@xpack-dev-tools/arm-none-eabi-gcc/14.2.1-1.1.1/.content/bin/../lib/gcc/arm-none-eabi/14.2.1/thumb/v7e-m+fp/hard/crti.o
                0x08004c3c                _fini
 .fini          0x08004c40        0x8 /home/nil/.config/VSCodium/User/globalStorage/bmd.stm32-for-vscode/@xpack-dev-tools/arm-none-eabi-gcc/14.2.1-1.1.1/.content/bin/../lib/gcc/arm-none-eabi/14.2.1/thumb/v7e-m+fp/hard/crtn.o
                0x08004c48                        . = ALIGN (0x4)
                0x08004c48                        _etext = .

.vfp11_veneer   0x08004c48        0x0
 .vfp11_veneer  0x08004c48        0x0 linker stubs

.v4_bx          0x08004c48        0x0
 .v4_bx         0x08004c48        0x0 linker stubs

.iplt           0x08004c48        0x0
 .iplt          0x08004c48        0x0 /home/nil/.config/VSCodium/User/globalStorage/bmd.stm32-for-vscode/@xpack-dev-tools/arm-none-eabi-gcc/14.2.1-1.1.1/.content/bin/../lib/gcc/arm-none-eabi/14.2.1/thumb/v7e-m+fp/hard/crtbegin.o

.rodata         0x08004c48      0x148
                0x08004c48                        . = ALIGN (0x4)
 *(.rodata)
 *(.rodata*)
 .rodata.str1.4
                0x08004c48       0x90 build/debug/main.o
                                 0x20 (size before relaxing)
 .rodata.receiver_attributes
                0x08004cd8       0x24 build/debug/main.o
                0x08004cd8                receiver_attributes
 .rodata.sender_attributes
                0x08004cfc       0x24 build/debug/main.o
                0x08004cfc                sender_attributes
 .rodata.defaultTask_attributes
                0x08004d20       0x24 build/debug/main.o
                0x08004d20                defaultTask_attributes
 .rodata.receiverTask.str1.4
                0x08004d44       0x42 build/debug/receiverTask.o
 .rodata.senderTask.str1.4
                0x08004d44       0x13 build/debug/senderTask.o
 .rodata.APBPrescTable
                0x08004d44        0x8 build/debug/system_stm32f4xx.o
                0x08004d44                APBPrescTable
 .rodata.AHBPrescTable
                0x08004d4c       0x10 build/debug/system_stm32f4xx.o
                0x08004d4c                AHBPrescTable
 .rodata.vTaskStartScheduler.str1.4
                0x08004d5c        0x5 build/debug/tasks.o
 .rodata.prvCheckForValidListAndQueue.str1.4
                0x08004d5c        0x5 build/debug/timers.o
 .rodata.xTimerCreateTimerTask.str1.4
                0x08004d5c        0x8 build/debug/timers.o
 .rodata._vfprintf_r.str1.1
                0x08004d5c       0x33 /home/nil/.config/VSCodium/User/globalStorage/bmd.stm32-for-vscode/@xpack-dev-tools/arm-none-eabi-gcc/14.2.1-1.1.1/.content/bin/../lib/gcc/arm-none-eabi/14.2.1/../../../../arm-none-eabi/lib/thumb/v7e-m+fp/hard/libc_nano.a(libc_a-nano-vfprintf.o)
                                 0x11 (size before relaxing)
 .rodata._printf_i.str1.1
                0x08004d8f       0x22 /home/nil/.config/VSCodium/User/globalStorage/bmd.stm32-for-vscode/@xpack-dev-tools/arm-none-eabi-gcc/14.2.1-1.1.1/.content/bin/../lib/gcc/arm-none-eabi/14.2.1/../../../../arm-none-eabi/lib/thumb/v7e-m+fp/hard/libc_nano.a(libc_a-nano-vfprintf_i.o)
                0x08004db4                        . = ALIGN (0x4)
 *fill*         0x08004d8f        0x1 

.ARM.extab      0x08004d90        0x0
                0x08004d90                        . = ALIGN (0x4)
 *(.ARM.extab* .gnu.linkonce.armextab.*)
                0x08004d90                        . = ALIGN (0x4)

.ARM            0x08004d90        0x8
                0x08004d90                        . = ALIGN (0x4)
                0x08004d90                        __exidx_start = .
 *(.ARM.exidx*)
 .ARM.exidx     0x08004d90        0x8 /home/nil/.config/VSCodium/User/globalStorage/bmd.stm32-for-vscode/@xpack-dev-tools/arm-none-eabi-gcc/14.2.1-1.1.1/.content/bin/../lib/gcc/arm-none-eabi/14.2.1/../../../../arm-none-eabi/lib/thumb/v7e-m+fp/hard/libc_nano.a(libc_a-memchr.o)
 .ARM.exidx.text.__udivmoddi4
                0x08004d98        0x0 /home/nil/.config/VSCodium/User/globalStorage/bmd.stm32-for-vscode/@xpack-dev-tools/arm-none-eabi-gcc/14.2.1-1.1.1/.content/bin/../lib/gcc/arm-none-eabi/14.2.1/thumb/v7e-m+fp/hard/libgcc.a(_udivmoddi4.o)
                                  0x8 (size before relaxing)
                0x08004d98                        __exidx_end = .
                0x08004d98                        . = ALIGN (0x4)

.preinit_array  0x08004d98        0x0
                0x08004d98                        . = ALIGN (0x4)
                0x08004d98                        PROVIDE (__preinit_array_start = .)
 *(.preinit_array*)
                0x08004d98                        PROVIDE (__preinit_array_end = .)
                0x08004d98                        . = ALIGN (0x4)

.init_array     0x08004d98        0x4
                0x08004d98                        . = ALIGN (0x4)
                0x08004d98                        PROVIDE (__init_array_start = .)
 *(SORT_BY_NAME(.init_array.*))
 *(.init_array*)
 .init_array    0x08004d98        0x4 /home/nil/.config/VSCodium/User/globalStorage/bmd.stm32-for-vscode/@xpack-dev-tools/arm-none-eabi-gcc/14.2.1-1.1.1/.content/bin/../lib/gcc/arm-none-eabi/14.2.1/thumb/v7e-m+fp/hard/crtbegin.o
                0x08004d9c                        PROVIDE (__init_array_end = .)
                0x08004d9c                        . = ALIGN (0x4)

.fini_array     0x08004d9c        0x4
                0x08004d9c                        . = ALIGN (0x4)
                0x08004d9c                        PROVIDE (__fini_array_start = .)
 *(SORT_BY_NAME(.fini_array.*))
 *(.fini_array*)
 .fini_array    0x08004d9c        0x4 /home/nil/.config/VSCodium/User/globalStorage/bmd.stm32-for-vscode/@xpack-dev-tools/arm-none-eabi-gcc/14.2.1-1.1.1/.content/bin/../lib/gcc/arm-none-eabi/14.2.1/thumb/v7e-m+fp/hard/crtbegin.o
                0x08004da0                        PROVIDE (__fini_array_end = .)
                0x08004da0                        . = ALIGN (0x4)
                0x08004da0                        _sidata = LOADADDR (.data)

.rel.dyn        0x08004da0        0x0
 .rel.iplt      0x08004da0        0x0 /home/nil/.config/VSCodium/User/globalStorage/bmd.stm32-for-vscode/@xpack-dev-tools/arm-none-eabi-gcc/14.2.1-1.1.1/.content/bin/../lib/gcc/arm-none-eabi/14.2.1/thumb/v7e-m+fp/hard/crtbegin.o

.data           0x20000000       0x6c load address 0x08004da0
                0x20000000                        . = ALIGN (0x4)
                0x20000000                        _sdata = .
 *(.data)
 *(.data*)
 .data.uxCriticalNesting
                0x20000000        0x4 build/debug/port.o
 .data.uwTickFreq
                0x20000004        0x1 build/debug/stm32f4xx_hal.o
                0x20000004                uwTickFreq
 *fill*         0x20000005        0x3 
 .data.uwTickPrio
                0x20000008        0x4 build/debug/stm32f4xx_hal.o
                0x20000008                uwTickPrio
 .data.SystemCoreClock
                0x2000000c        0x4 build/debug/system_stm32f4xx.o
                0x2000000c                SystemCoreClock
 .data.__sglue  0x20000010        0xc /home/nil/.config/VSCodium/User/globalStorage/bmd.stm32-for-vscode/@xpack-dev-tools/arm-none-eabi-gcc/14.2.1-1.1.1/.content/bin/../lib/gcc/arm-none-eabi/14.2.1/../../../../arm-none-eabi/lib/thumb/v7e-m+fp/hard/libc_nano.a(libc_a-findfp.o)
                0x20000010                __sglue
 .data._impure_ptr
                0x2000001c        0x4 /home/nil/.config/VSCodium/User/globalStorage/bmd.stm32-for-vscode/@xpack-dev-tools/arm-none-eabi-gcc/14.2.1-1.1.1/.content/bin/../lib/gcc/arm-none-eabi/14.2.1/../../../../arm-none-eabi/lib/thumb/v7e-m+fp/hard/libc_nano.a(libc_a-impure.o)
                0x2000001c                _impure_ptr
 .data._impure_data
                0x20000020       0x4c /home/nil/.config/VSCodium/User/globalStorage/bmd.stm32-for-vscode/@xpack-dev-tools/arm-none-eabi-gcc/14.2.1-1.1.1/.content/bin/../lib/gcc/arm-none-eabi/14.2.1/../../../../arm-none-eabi/lib/thumb/v7e-m+fp/hard/libc_nano.a(libc_a-impure.o)
                0x20000020                _impure_data
 *(.RamFunc)
 *(.RamFunc*)
                0x2000006c                        . = ALIGN (0x4)
                0x2000006c                        _edata = .

.igot.plt       0x2000006c        0x0 load address 0x08004e0c
 .igot.plt      0x2000006c        0x0 /home/nil/.config/VSCodium/User/globalStorage/bmd.stm32-for-vscode/@xpack-dev-tools/arm-none-eabi-gcc/14.2.1-1.1.1/.content/bin/../lib/gcc/arm-none-eabi/14.2.1/thumb/v7e-m+fp/hard/crtbegin.o
                0x2000006c                        . = ALIGN (0x4)

.bss            0x20000070     0x4de8 load address 0x08004e0c
                0x20000070                        _sbss = .
                0x20000070                        __bss_start__ = _sbss
 *(.bss)
 *(.bss*)
 .bss.completed.1
                0x20000070        0x1 /home/nil/.config/VSCodium/User/globalStorage/bmd.stm32-for-vscode/@xpack-dev-tools/arm-none-eabi-gcc/14.2.1-1.1.1/.content/bin/../lib/gcc/arm-none-eabi/14.2.1/thumb/v7e-m+fp/hard/crtbegin.o
 *fill*         0x20000071        0x3 
 .bss.object.0  0x20000074       0x18 /home/nil/.config/VSCodium/User/globalStorage/bmd.stm32-for-vscode/@xpack-dev-tools/arm-none-eabi-gcc/14.2.1-1.1.1/.content/bin/../lib/gcc/arm-none-eabi/14.2.1/thumb/v7e-m+fp/hard/crtbegin.o
 .bss.Timer_Stack.0
                0x2000008c      0x400 build/debug/cmsis_os2.o
 *fill*         0x2000048c        0x4 
 .bss.Timer_TCB.1
                0x20000490      0x1a0 build/debug/cmsis_os2.o
 .bss.Idle_Stack.2
                0x20000630      0x200 build/debug/cmsis_os2.o
 .bss.Idle_TCB.3
                0x20000830      0x1a0 build/debug/cmsis_os2.o
 .bss.KernelState
                0x200009d0        0x4 build/debug/cmsis_os2.o
 .bss.xBlockAllocatedBit
                0x200009d4        0x4 build/debug/heap_4.o
 .bss.xNumberOfSuccessfulFrees
                0x200009d8        0x4 build/debug/heap_4.o
 .bss.xNumberOfSuccessfulAllocations
                0x200009dc        0x4 build/debug/heap_4.o
 .bss.xMinimumEverFreeBytesRemaining
                0x200009e0        0x4 build/debug/heap_4.o
 .bss.xFreeBytesRemaining
                0x200009e4        0x4 build/debug/heap_4.o
 .bss.pxEnd     0x200009e8        0x4 build/debug/heap_4.o
 .bss.xStart    0x200009ec        0x8 build/debug/heap_4.o
 .bss.ucHeap    0x200009f4     0x3c00 build/debug/heap_4.o
 .bss.q         0x200045f4        0x4 build/debug/main.o
                0x200045f4                q
 .bss.receiverHandle
                0x200045f8        0x4 build/debug/main.o
                0x200045f8                receiverHandle
 .bss.senderHandle
                0x200045fc        0x4 build/debug/main.o
                0x200045fc                senderHandle
 .bss.defaultTaskHandle
                0x20004600        0x4 build/debug/main.o
                0x20004600                defaultTaskHandle
 .bss.huart2    0x20004604       0x44 build/debug/main.o
                0x20004604                huart2
 .bss.ulMaxPRIGROUPValue
                0x20004648        0x4 build/debug/port.o
 .bss.ucMaxSysCallPriority
                0x2000464c        0x1 build/debug/port.o
 *fill*         0x2000464d        0x3 
 .bss.xQueueRegistry
                0x20004650       0x40 build/debug/queue.o
                0x20004650                xQueueRegistry
 .bss.uwTick    0x20004690        0x4 build/debug/stm32f4xx_hal.o
                0x20004690                uwTick
 .bss.htim1     0x20004694       0x48 build/debug/stm32f4xx_hal_timebase_tim.o
                0x20004694                htim1
 .bss.__sbrk_heap_end
                0x200046dc        0x4 build/debug/sysmem.o
 .bss.uxSchedulerSuspended
                0x200046e0        0x4 build/debug/tasks.o
 .bss.xIdleTaskHandle
                0x200046e4        0x4 build/debug/tasks.o
 .bss.xNextTaskUnblockTime
                0x200046e8        0x4 build/debug/tasks.o
 .bss.uxTaskNumber
                0x200046ec        0x4 build/debug/tasks.o
 .bss.xNumOfOverflows
                0x200046f0        0x4 build/debug/tasks.o
 .bss.xYieldPending
                0x200046f4        0x4 build/debug/tasks.o
 .bss.xPendedTicks
                0x200046f8        0x4 build/debug/tasks.o
 .bss.xSchedulerRunning
                0x200046fc        0x4 build/debug/tasks.o
 .bss.uxTopReadyPriority
                0x20004700        0x4 build/debug/tasks.o
 .bss.xTickCount
                0x20004704        0x4 build/debug/tasks.o
 .bss.uxCurrentNumberOfTasks
                0x20004708        0x4 build/debug/tasks.o
 .bss.xSuspendedTaskList
                0x2000470c       0x14 build/debug/tasks.o
 .bss.uxDeletedTasksWaitingCleanUp
                0x20004720        0x4 build/debug/tasks.o
 .bss.xTasksWaitingTermination
                0x20004724       0x14 build/debug/tasks.o
 .bss.xPendingReadyList
                0x20004738       0x14 build/debug/tasks.o
 .bss.pxOverflowDelayedTaskList
                0x2000474c        0x4 build/debug/tasks.o
 .bss.pxDelayedTaskList
                0x20004750        0x4 build/debug/tasks.o
 .bss.xDelayedTaskList2
                0x20004754       0x14 build/debug/tasks.o
 .bss.xDelayedTaskList1
                0x20004768       0x14 build/debug/tasks.o
 .bss.pxReadyTasksLists
                0x2000477c      0x460 build/debug/tasks.o
 .bss.pxCurrentTCB
                0x20004bdc        0x4 build/debug/tasks.o
                0x20004bdc                pxCurrentTCB
 .bss.xStaticTimerQueue.0
                0x20004be0       0x50 build/debug/timers.o
 .bss.ucStaticTimerQueueStorage.1
                0x20004c30       0xa0 build/debug/timers.o
 .bss.xLastTime.2
                0x20004cd0        0x4 build/debug/timers.o
 .bss.xTimerTaskHandle
                0x20004cd4        0x4 build/debug/timers.o
 .bss.xTimerQueue
                0x20004cd8        0x4 build/debug/timers.o
 .bss.pxOverflowTimerList
                0x20004cdc        0x4 build/debug/timers.o
 .bss.pxCurrentTimerList
                0x20004ce0        0x4 build/debug/timers.o
 .bss.xActiveTimerList2
                0x20004ce4       0x14 build/debug/timers.o
 .bss.xActiveTimerList1
                0x20004cf8       0x14 build/debug/timers.o
 .bss.__sf      0x20004d0c      0x138 /home/nil/.config/VSCodium/User/globalStorage/bmd.stm32-for-vscode/@xpack-dev-tools/arm-none-eabi-gcc/14.2.1-1.1.1/.content/bin/../lib/gcc/arm-none-eabi/14.2.1/../../../../arm-none-eabi/lib/thumb/v7e-m+fp/hard/libc_nano.a(libc_a-findfp.o)
                0x20004d0c                __sf
 .bss.__stdio_exit_handler
                0x20004e44        0x4 /home/nil/.config/VSCodium/User/globalStorage/bmd.stm32-for-vscode/@xpack-dev-tools/arm-none-eabi-gcc/14.2.1-1.1.1/.content/bin/../lib/gcc/arm-none-eabi/14.2.1/../../../../arm-none-eabi/lib/thumb/v7e-m+fp/hard/libc_nano.a(libc_a-findfp.o)
                0x20004e44                __stdio_exit_handler
 .bss.errno     0x20004e48        0x4 /home/nil/.config/VSCodium/User/globalStorage/bmd.stm32-for-vscode/@xpack-dev-tools/arm-none-eabi-gcc/14.2.1-1.1.1/.content/bin/../lib/gcc/arm-none-eabi/14.2.1/../../../../arm-none-eabi/lib/thumb/v7e-m+fp/hard/libc_nano.a(libc_a-reent.o)
                0x20004e48                errno
 .bss.__lock___malloc_recursive_mutex
                0x20004e4c        0x1 /home/nil/.config/VSCodium/User/globalStorage/bmd.stm32-for-vscode/@xpack-dev-tools/arm-none-eabi-gcc/14.2.1-1.1.1/.content/bin/../lib/gcc/arm-none-eabi/14.2.1/../../../../arm-none-eabi/lib/thumb/v7e-m+fp/hard/libc_nano.a(libc_a-lock.o)
                0x20004e4c                __lock___malloc_recursive_mutex
 .bss.__lock___sfp_recursive_mutex
                0x20004e4d        0x1 /home/nil/.config/VSCodium/User/globalStorage/bmd.stm32-for-vscode/@xpack-dev-tools/arm-none-eabi-gcc/14.2.1-1.1.1/.content/bin/../lib/gcc/arm-none-eabi/14.2.1/../../../../arm-none-eabi/lib/thumb/v7e-m+fp/hard/libc_nano.a(libc_a-lock.o)
                0x20004e4d                __lock___sfp_recursive_mutex
 *fill*         0x20004e4e        0x2 
 .bss.__malloc_sbrk_start
                0x20004e50        0x4 /home/nil/.config/VSCodium/User/globalStorage/bmd.stm32-for-vscode/@xpack-dev-tools/arm-none-eabi-gcc/14.2.1-1.1.1/.content/bin/../lib/gcc/arm-none-eabi/14.2.1/../../../../arm-none-eabi/lib/thumb/v7e-m+fp/hard/libc_nano.a(libc_a-mallocr.o)
                0x20004e50                __malloc_sbrk_start
 .bss.__malloc_free_list
                0x20004e54        0x4 /home/nil/.config/VSCodium/User/globalStorage/bmd.stm32-for-vscode/@xpack-dev-tools/arm-none-eabi-gcc/14.2.1-1.1.1/.content/bin/../lib/gcc/arm-none-eabi/14.2.1/../../../../arm-none-eabi/lib/thumb/v7e-m+fp/hard/libc_nano.a(libc_a-mallocr.o)
                0x20004e54                __malloc_free_list
 *(COMMON)
                0x20004e58                        . = ALIGN (0x4)
                0x20004e58                        _ebss = .
                0x20004e58                        __bss_end__ = _ebss

._user_heap_stack
                0x20004e58      0x600 load address 0x08004e0c
                0x20004e58                        . = ALIGN (0x8)
                [!provide]                        PROVIDE (end = .)
                0x20004e58                        PROVIDE (_end = .)
                0x20005058                        . = (. + _Min_Heap_Size)
 *fill*         0x20004e58      0x200 
                0x20005458                        . = (. + _Min_Stack_Size)
 *fill*         0x20005058      0x400 
                0x20005458                        . = ALIGN (0x8)

/DISCARD/
 libc.a(*)
 libm.a(*)
 libgcc.a(*)
OUTPUT(build/debug/frtos-test-project.elf elf32-littlearm)
LOAD linker stubs
LOAD /home/nil/.config/VSCodium/User/globalStorage/bmd.stm32-for-vscode/@xpack-dev-tools/arm-none-eabi-gcc/14.2.1-1.1.1/.content/bin/../lib/gcc/arm-none-eabi/14.2.1/../../../../arm-none-eabi/lib/thumb/v7e-m+fp/hard/libc.a
LOAD /home/nil/.config/VSCodium/User/globalStorage/bmd.stm32-for-vscode/@xpack-dev-tools/arm-none-eabi-gcc/14.2.1-1.1.1/.content/bin/../lib/gcc/arm-none-eabi/14.2.1/../../../../arm-none-eabi/lib/thumb/v7e-m+fp/hard/libm.a
LOAD /home/nil/.config/VSCodium/User/globalStorage/bmd.stm32-for-vscode/@xpack-dev-tools/arm-none-eabi-gcc/14.2.1-1.1.1/.content/bin/../lib/gcc/arm-none-eabi/14.2.1/thumb/v7e-m+fp/hard/libgcc.a

.ARM.attributes
                0x00000000       0x30
 .ARM.attributes
                0x00000000       0x22 /home/nil/.config/VSCodium/User/globalStorage/bmd.stm32-for-vscode/@xpack-dev-tools/arm-none-eabi-gcc/14.2.1-1.1.1/.content/bin/../lib/gcc/arm-none-eabi/14.2.1/thumb/v7e-m+fp/hard/crti.o
 .ARM.attributes
                0x00000022       0x34 /home/nil/.config/VSCodium/User/globalStorage/bmd.stm32-for-vscode/@xpack-dev-tools/arm-none-eabi-gcc/14.2.1-1.1.1/.content/bin/../lib/gcc/arm-none-eabi/14.2.1/thumb/v7e-m+fp/hard/crtbegin.o
 .ARM.attributes
                0x00000056       0x34 build/debug/cmsis_os2.o
 .ARM.attributes
                0x0000008a       0x34 build/debug/heap_4.o
 .ARM.attributes
                0x000000be       0x34 build/debug/list.o
 .ARM.attributes
                0x000000f2       0x34 build/debug/main.o
 .ARM.attributes
                0x00000126       0x34 build/debug/port.o
 .ARM.attributes
                0x0000015a       0x34 build/debug/queue.o
 .ARM.attributes
                0x0000018e       0x34 build/debug/receiverTask.o
 .ARM.attributes
                0x000001c2       0x34 build/debug/senderTask.o
 .ARM.attributes
                0x000001f6       0x34 build/debug/stm32f4xx_hal.o
 .ARM.attributes
                0x0000022a       0x34 build/debug/stm32f4xx_hal_cortex.o
 .ARM.attributes
                0x0000025e       0x34 build/debug/stm32f4xx_hal_gpio.o
 .ARM.attributes
                0x00000292       0x34 build/debug/stm32f4xx_hal_msp.o
 .ARM.attributes
                0x000002c6       0x34 build/debug/stm32f4xx_hal_rcc.o
 .ARM.attributes
                0x000002fa       0x34 build/debug/stm32f4xx_hal_rcc_ex.o
 .ARM.attributes
                0x0000032e       0x34 build/debug/stm32f4xx_hal_tim.o
 .ARM.attributes
                0x00000362       0x34 build/debug/stm32f4xx_hal_tim_ex.o
 .ARM.attributes
                0x00000396       0x34 build/debug/stm32f4xx_hal_timebase_tim.o
 .ARM.attributes
                0x000003ca       0x34 build/debug/stm32f4xx_hal_uart.o
 .ARM.attributes
                0x000003fe       0x34 build/debug/stm32f4xx_it.o
 .ARM.attributes
                0x00000432       0x34 build/debug/syscalls.o
 .ARM.attributes
                0x00000466       0x34 build/debug/sysmem.o
 .ARM.attributes
                0x0000049a       0x34 build/debug/system_stm32f4xx.o
 .ARM.attributes
                0x000004ce       0x34 build/debug/tasks.o
 .ARM.attributes
                0x00000502       0x34 build/debug/timers.o
 .ARM.attributes
                0x00000536       0x21 build/debug/startup_stm32f446xx.o
 .ARM.attributes
                0x00000557       0x34 /home/nil/.config/VSCodium/User/globalStorage/bmd.stm32-for-vscode/@xpack-dev-tools/arm-none-eabi-gcc/14.2.1-1.1.1/.content/bin/../lib/gcc/arm-none-eabi/14.2.1/../../../../arm-none-eabi/lib/thumb/v7e-m+fp/hard/libc_nano.a(libc_a-findfp.o)
 .ARM.attributes
                0x0000058b       0x34 /home/nil/.config/VSCodium/User/globalStorage/bmd.stm32-for-vscode/@xpack-dev-tools/arm-none-eabi-gcc/14.2.1-1.1.1/.content/bin/../lib/gcc/arm-none-eabi/14.2.1/../../../../arm-none-eabi/lib/thumb/v7e-m+fp/hard/libc_nano.a(libc_a-fwalk.o)
 .ARM.attributes
                0x000005bf       0x34 /home/nil/.config/VSCodium/User/globalStorage/bmd.stm32-for-vscode/@xpack-dev-tools/arm-none-eabi-gcc/14.2.1-1.1.1/.content/bin/../lib/gcc/arm-none-eabi/14.2.1/../../../../arm-none-eabi/lib/thumb/v7e-m+fp/hard/libc_nano.a(libc_a-printf.o)
 .ARM.attributes
                0x000005f3       0x34 /home/nil/.config/VSCodium/User/globalStorage/bmd.stm32-for-vscode/@xpack-dev-tools/arm-none-eabi-gcc/14.2.1-1.1.1/.content/bin/../lib/gcc/arm-none-eabi/14.2.1/../../../../arm-none-eabi/lib/thumb/v7e-m+fp/hard/libc_nano.a(libc_a-puts.o)
 .ARM.attributes
                0x00000627       0x34 /home/nil/.config/VSCodium/User/globalStorage/bmd.stm32-for-vscode/@xpack-dev-tools/arm-none-eabi-gcc/14.2.1-1.1.1/.content/bin/../lib/gcc/arm-none-eabi/14.2.1/../../../../arm-none-eabi/lib/thumb/v7e-m+fp/hard/libc_nano.a(libc_a-stdio.o)
 .ARM.attributes
                0x0000065b       0x34 /home/nil/.config/VSCodium/User/globalStorage/bmd.stm32-for-vscode/@xpack-dev-tools/arm-none-eabi-gcc/14.2.1-1.1.1/.content/bin/../lib/gcc/arm-none-eabi/14.2.1/../../../../arm-none-eabi/lib/thumb/v7e-m+fp/hard/libc_nano.a(libc_a-wbuf.o)
 .ARM.attributes
                0x0000068f       0x34 /home/nil/.config/VSCodium/User/globalStorage/bmd.stm32-for-vscode/@xpack-dev-tools/arm-none-eabi-gcc/14.2.1-1.1.1/.content/bin/../lib/gcc/arm-none-eabi/14.2.1/../../../../arm-none-eabi/lib/thumb/v7e-m+fp/hard/libc_nano.a(libc_a-wsetup.o)
 .ARM.attributes
                0x000006c3       0x34 /home/nil/.config/VSCodium/User/globalStorage/bmd.stm32-for-vscode/@xpack-dev-tools/arm-none-eabi-gcc/14.2.1-1.1.1/.content/bin/../lib/gcc/arm-none-eabi/14.2.1/../../../../arm-none-eabi/lib/thumb/v7e-m+fp/hard/libc_nano.a(libc_a-memset.o)
 .ARM.attributes
                0x000006f7       0x34 /home/nil/.config/VSCodium/User/globalStorage/bmd.stm32-for-vscode/@xpack-dev-tools/arm-none-eabi-gcc/14.2.1-1.1.1/.content/bin/../lib/gcc/arm-none-eabi/14.2.1/../../../../arm-none-eabi/lib/thumb/v7e-m+fp/hard/libc_nano.a(libc_a-closer.o)
 .ARM.attributes
                0x0000072b       0x34 /home/nil/.config/VSCodium/User/globalStorage/bmd.stm32-for-vscode/@xpack-dev-tools/arm-none-eabi-gcc/14.2.1-1.1.1/.content/bin/../lib/gcc/arm-none-eabi/14.2.1/../../../../arm-none-eabi/lib/thumb/v7e-m+fp/hard/libc_nano.a(libc_a-reent.o)
 .ARM.attributes
                0x0000075f       0x34 /home/nil/.config/VSCodium/User/globalStorage/bmd.stm32-for-vscode/@xpack-dev-tools/arm-none-eabi-gcc/14.2.1-1.1.1/.content/bin/../lib/gcc/arm-none-eabi/14.2.1/../../../../arm-none-eabi/lib/thumb/v7e-m+fp/hard/libc_nano.a(libc_a-impure.o)
 .ARM.attributes
                0x00000793       0x34 /home/nil/.config/VSCodium/User/globalStorage/bmd.stm32-for-vscode/@xpack-dev-tools/arm-none-eabi-gcc/14.2.1-1.1.1/.content/bin/../lib/gcc/arm-none-eabi/14.2.1/../../../../arm-none-eabi/lib/thumb/v7e-m+fp/hard/libc_nano.a(libc_a-lseekr.o)
 .ARM.attributes
                0x000007c7       0x34 /home/nil/.config/VSCodium/User/globalStorage/bmd.stm32-for-vscode/@xpack-dev-tools/arm-none-eabi-gcc/14.2.1-1.1.1/.content/bin/../lib/gcc/arm-none-eabi/14.2.1/../../../../arm-none-eabi/lib/thumb/v7e-m+fp/hard/libc_nano.a(libc_a-readr.o)
 .ARM.attributes
                0x000007fb       0x34 /home/nil/.config/VSCodium/User/globalStorage/bmd.stm32-for-vscode/@xpack-dev-tools/arm-none-eabi-gcc/14.2.1-1.1.1/.content/bin/../lib/gcc/arm-none-eabi/14.2.1/../../../../arm-none-eabi/lib/thumb/v7e-m+fp/hard/libc_nano.a(libc_a-writer.o)
 .ARM.attributes
                0x0000082f       0x34 /home/nil/.config/VSCodium/User/globalStorage/bmd.stm32-for-vscode/@xpack-dev-tools/arm-none-eabi-gcc/14.2.1-1.1.1/.content/bin/../lib/gcc/arm-none-eabi/14.2.1/../../../../arm-none-eabi/lib/thumb/v7e-m+fp/hard/libc_nano.a(libc_a-errno.o)
 .ARM.attributes
                0x00000863       0x34 /home/nil/.config/VSCodium/User/globalStorage/bmd.stm32-for-vscode/@xpack-dev-tools/arm-none-eabi-gcc/14.2.1-1.1.1/.content/bin/../lib/gcc/arm-none-eabi/14.2.1/../../../../arm-none-eabi/lib/thumb/v7e-m+fp/hard/libc_nano.a(libc_a-init.o)
 .ARM.attributes
                0x00000897       0x34 /home/nil/.config/VSCodium/User/globalStorage/bmd.stm32-for-vscode/@xpack-dev-tools/arm-none-eabi-gcc/14.2.1-1.1.1/.content/bin/../lib/gcc/arm-none-eabi/14.2.1/../../../../arm-none-eabi/lib/thumb/v7e-m+fp/hard/libc_nano.a(libc_a-lock.o)
 .ARM.attributes
                0x000008cb       0x34 /home/nil/.config/VSCodium/User/globalStorage/bmd.stm32-for-vscode/@xpack-dev-tools/arm-none-eabi-gcc/14.2.1-1.1.1/.content/bin/../lib/gcc/arm-none-eabi/14.2.1/../../../../arm-none-eabi/lib/thumb/v7e-m+fp/hard/libc_nano.a(libc_a-memcpy-stub.o)
 .ARM.attributes
                0x000008ff       0x34 /home/nil/.config/VSCodium/User/globalStorage/bmd.stm32-for-vscode/@xpack-dev-tools/arm-none-eabi-gcc/14.2.1-1.1.1/.content/bin/../lib/gcc/arm-none-eabi/14.2.1/../../../../arm-none-eabi/lib/thumb/v7e-m+fp/hard/libc_nano.a(libc_a-freer.o)
 .ARM.attributes
                0x00000933       0x34 /home/nil/.config/VSCodium/User/globalStorage/bmd.stm32-for-vscode/@xpack-dev-tools/arm-none-eabi-gcc/14.2.1-1.1.1/.content/bin/../lib/gcc/arm-none-eabi/14.2.1/../../../../arm-none-eabi/lib/thumb/v7e-m+fp/hard/libc_nano.a(libc_a-mallocr.o)
 .ARM.attributes
                0x00000967       0x34 /home/nil/.config/VSCodium/User/globalStorage/bmd.stm32-for-vscode/@xpack-dev-tools/arm-none-eabi-gcc/14.2.1-1.1.1/.content/bin/../lib/gcc/arm-none-eabi/14.2.1/../../../../arm-none-eabi/lib/thumb/v7e-m+fp/hard/libc_nano.a(libc_a-mlock.o)
 .ARM.attributes
                0x0000099b       0x34 /home/nil/.config/VSCodium/User/globalStorage/bmd.stm32-for-vscode/@xpack-dev-tools/arm-none-eabi-gcc/14.2.1-1.1.1/.content/bin/../lib/gcc/arm-none-eabi/14.2.1/../../../../arm-none-eabi/lib/thumb/v7e-m+fp/hard/libc_nano.a(libc_a-nano-vfprintf.o)
 .ARM.attributes
                0x000009cf       0x34 /home/nil/.config/VSCodium/User/globalStorage/bmd.stm32-for-vscode/@xpack-dev-tools/arm-none-eabi-gcc/14.2.1-1.1.1/.content/bin/../lib/gcc/arm-none-eabi/14.2.1/../../../../arm-none-eabi/lib/thumb/v7e-m+fp/hard/libc_nano.a(libc_a-nano-vfprintf_i.o)
 .ARM.attributes
                0x00000a03       0x34 /home/nil/.config/VSCodium/User/globalStorage/bmd.stm32-for-vscode/@xpack-dev-tools/arm-none-eabi-gcc/14.2.1-1.1.1/.content/bin/../lib/gcc/arm-none-eabi/14.2.1/../../../../arm-none-eabi/lib/thumb/v7e-m+fp/hard/libc_nano.a(libc_a-fflush.o)
 .ARM.attributes
                0x00000a37       0x34 /home/nil/.config/VSCodium/User/globalStorage/bmd.stm32-for-vscode/@xpack-dev-tools/arm-none-eabi-gcc/14.2.1-1.1.1/.content/bin/../lib/gcc/arm-none-eabi/14.2.1/../../../../arm-none-eabi/lib/thumb/v7e-m+fp/hard/libc_nano.a(libc_a-makebuf.o)
 .ARM.attributes
                0x00000a6b       0x34 /home/nil/.config/VSCodium/User/globalStorage/bmd.stm32-for-vscode/@xpack-dev-tools/arm-none-eabi-gcc/14.2.1-1.1.1/.content/bin/../lib/gcc/arm-none-eabi/14.2.1/../../../../arm-none-eabi/lib/thumb/v7e-m+fp/hard/libc_nano.a(libc_a-fstatr.o)
 .ARM.attributes
                0x00000a9f       0x34 /home/nil/.config/VSCodium/User/globalStorage/bmd.stm32-for-vscode/@xpack-dev-tools/arm-none-eabi-gcc/14.2.1-1.1.1/.content/bin/../lib/gcc/arm-none-eabi/14.2.1/../../../../arm-none-eabi/lib/thumb/v7e-m+fp/hard/libc_nano.a(libc_a-isattyr.o)
 .ARM.attributes
                0x00000ad3       0x34 /home/nil/.config/VSCodium/User/globalStorage/bmd.stm32-for-vscode/@xpack-dev-tools/arm-none-eabi-gcc/14.2.1-1.1.1/.content/bin/../lib/gcc/arm-none-eabi/14.2.1/../../../../arm-none-eabi/lib/thumb/v7e-m+fp/hard/libc_nano.a(libc_a-sbrkr.o)
 .ARM.attributes
                0x00000b07       0x1c /home/nil/.config/VSCodium/User/globalStorage/bmd.stm32-for-vscode/@xpack-dev-tools/arm-none-eabi-gcc/14.2.1-1.1.1/.content/bin/../lib/gcc/arm-none-eabi/14.2.1/../../../../arm-none-eabi/lib/thumb/v7e-m+fp/hard/libc_nano.a(libc_a-memchr.o)
 .ARM.attributes
                0x00000b23       0x22 /home/nil/.config/VSCodium/User/globalStorage/bmd.stm32-for-vscode/@xpack-dev-tools/arm-none-eabi-gcc/14.2.1-1.1.1/.content/bin/../lib/gcc/arm-none-eabi/14.2.1/thumb/v7e-m+fp/hard/libgcc.a(_arm_addsubdf3.o)
 .ARM.attributes
                0x00000b45       0x22 /home/nil/.config/VSCodium/User/globalStorage/bmd.stm32-for-vscode/@xpack-dev-tools/arm-none-eabi-gcc/14.2.1-1.1.1/.content/bin/../lib/gcc/arm-none-eabi/14.2.1/thumb/v7e-m+fp/hard/libgcc.a(_aeabi_uldivmod.o)
 .ARM.attributes
                0x00000b67       0x34 /home/nil/.config/VSCodium/User/globalStorage/bmd.stm32-for-vscode/@xpack-dev-tools/arm-none-eabi-gcc/14.2.1-1.1.1/.content/bin/../lib/gcc/arm-none-eabi/14.2.1/thumb/v7e-m+fp/hard/libgcc.a(_udivmoddi4.o)
 .ARM.attributes
                0x00000b9b       0x22 /home/nil/.config/VSCodium/User/globalStorage/bmd.stm32-for-vscode/@xpack-dev-tools/arm-none-eabi-gcc/14.2.1-1.1.1/.content/bin/../lib/gcc/arm-none-eabi/14.2.1/thumb/v7e-m+fp/hard/libgcc.a(_dvmd_tls.o)
 .ARM.attributes
                0x00000bbd       0x22 /home/nil/.config/VSCodium/User/globalStorage/bmd.stm32-for-vscode/@xpack-dev-tools/arm-none-eabi-gcc/14.2.1-1.1.1/.content/bin/../lib/gcc/arm-none-eabi/14.2.1/thumb/v7e-m+fp/hard/crtn.o

.comment        0x00000000       0x39
 .comment       0x00000000       0x39 /home/nil/.config/VSCodium/User/globalStorage/bmd.stm32-for-vscode/@xpack-dev-tools/arm-none-eabi-gcc/14.2.1-1.1.1/.content/bin/../lib/gcc/arm-none-eabi/14.2.1/thumb/v7e-m+fp/hard/crtbegin.o
                                 0x3a (size before relaxing)
 .comment       0x00000039       0x3a build/debug/cmsis_os2.o
 .comment       0x00000039       0x3a build/debug/heap_4.o
 .comment       0x00000039       0x3a build/debug/list.o
 .comment       0x00000039       0x3a build/debug/main.o
 .comment       0x00000039       0x3a build/debug/port.o
 .comment       0x00000039       0x3a build/debug/queue.o
 .comment       0x00000039       0x3a build/debug/receiverTask.o
 .comment       0x00000039       0x3a build/debug/senderTask.o
 .comment       0x00000039       0x3a build/debug/stm32f4xx_hal.o
 .comment       0x00000039       0x3a build/debug/stm32f4xx_hal_cortex.o
 .comment       0x00000039       0x3a build/debug/stm32f4xx_hal_gpio.o
 .comment       0x00000039       0x3a build/debug/stm32f4xx_hal_msp.o
 .comment       0x00000039       0x3a build/debug/stm32f4xx_hal_rcc.o
 .comment       0x00000039       0x3a build/debug/stm32f4xx_hal_rcc_ex.o
 .comment       0x00000039       0x3a build/debug/stm32f4xx_hal_tim.o
 .comment       0x00000039       0x3a build/debug/stm32f4xx_hal_tim_ex.o
 .comment       0x00000039       0x3a build/debug/stm32f4xx_hal_timebase_tim.o
 .comment       0x00000039       0x3a build/debug/stm32f4xx_hal_uart.o
 .comment       0x00000039       0x3a build/debug/stm32f4xx_it.o
 .comment       0x00000039       0x3a build/debug/syscalls.o
 .comment       0x00000039       0x3a build/debug/sysmem.o
 .comment       0x00000039       0x3a build/debug/system_stm32f4xx.o
 .comment       0x00000039       0x3a build/debug/tasks.o
 .comment       0x00000039       0x3a build/debug/timers.o
 .comment       0x00000039       0x3a /home/nil/.config/VSCodium/User/globalStorage/bmd.stm32-for-vscode/@xpack-dev-tools/arm-none-eabi-gcc/14.2.1-1.1.1/.content/bin/../lib/gcc/arm-none-eabi/14.2.1/../../../../arm-none-eabi/lib/thumb/v7e-m+fp/hard/libc_nano.a(libc_a-findfp.o)
 .comment       0x00000039       0x3a /home/nil/.config/VSCodium/User/globalStorage/bmd.stm32-for-vscode/@xpack-dev-tools/arm-none-eabi-gcc/14.2.1-1.1.1/.content/bin/../lib/gcc/arm-none-eabi/14.2.1/../../../../arm-none-eabi/lib/thumb/v7e-m+fp/hard/libc_nano.a(libc_a-fwalk.o)
 .comment       0x00000039       0x3a /home/nil/.config/VSCodium/User/globalStorage/bmd.stm32-for-vscode/@xpack-dev-tools/arm-none-eabi-gcc/14.2.1-1.1.1/.content/bin/../lib/gcc/arm-none-eabi/14.2.1/../../../../arm-none-eabi/lib/thumb/v7e-m+fp/hard/libc_nano.a(libc_a-printf.o)
 .comment       0x00000039       0x3a /home/nil/.config/VSCodium/User/globalStorage/bmd.stm32-for-vscode/@xpack-dev-tools/arm-none-eabi-gcc/14.2.1-1.1.1/.content/bin/../lib/gcc/arm-none-eabi/14.2.1/../../../../arm-none-eabi/lib/thumb/v7e-m+fp/hard/libc_nano.a(libc_a-puts.o)
 .comment       0x00000039       0x3a /home/nil/.config/VSCodium/User/globalStorage/bmd.stm32-for-vscode/@xpack-dev-tools/arm-none-eabi-gcc/14.2.1-1.1.1/.content/bin/../lib/gcc/arm-none-eabi/14.2.1/../../../../arm-none-eabi/lib/thumb/v7e-m+fp/hard/libc_nano.a(libc_a-stdio.o)
 .comment       0x00000039       0x3a /home/nil/.config/VSCodium/User/globalStorage/bmd.stm32-for-vscode/@xpack-dev-tools/arm-none-eabi-gcc/14.2.1-1.1.1/.content/bin/../lib/gcc/arm-none-eabi/14.2.1/../../../../arm-none-eabi/lib/thumb/v7e-m+fp/hard/libc_nano.a(libc_a-wbuf.o)
 .comment       0x00000039       0x3a /home/nil/.config/VSCodium/User/globalStorage/bmd.stm32-for-vscode/@xpack-dev-tools/arm-none-eabi-gcc/14.2.1-1.1.1/.content/bin/../lib/gcc/arm-none-eabi/14.2.1/../../../../arm-none-eabi/lib/thumb/v7e-m+fp/hard/libc_nano.a(libc_a-wsetup.o)
 .comment       0x00000039       0x3a /home/nil/.config/VSCodium/User/globalStorage/bmd.stm32-for-vscode/@xpack-dev-tools/arm-none-eabi-gcc/14.2.1-1.1.1/.content/bin/../lib/gcc/arm-none-eabi/14.2.1/../../../../arm-none-eabi/lib/thumb/v7e-m+fp/hard/libc_nano.a(libc_a-memset.o)
 .comment       0x00000039       0x3a /home/nil/.config/VSCodium/User/globalStorage/bmd.stm32-for-vscode/@xpack-dev-tools/arm-none-eabi-gcc/14.2.1-1.1.1/.content/bin/../lib/gcc/arm-none-eabi/14.2.1/../../../../arm-none-eabi/lib/thumb/v7e-m+fp/hard/libc_nano.a(libc_a-closer.o)
 .comment       0x00000039       0x3a /home/nil/.config/VSCodium/User/globalStorage/bmd.stm32-for-vscode/@xpack-dev-tools/arm-none-eabi-gcc/14.2.1-1.1.1/.content/bin/../lib/gcc/arm-none-eabi/14.2.1/../../../../arm-none-eabi/lib/thumb/v7e-m+fp/hard/libc_nano.a(libc_a-reent.o)
 .comment       0x00000039       0x3a /home/nil/.config/VSCodium/User/globalStorage/bmd.stm32-for-vscode/@xpack-dev-tools/arm-none-eabi-gcc/14.2.1-1.1.1/.content/bin/../lib/gcc/arm-none-eabi/14.2.1/../../../../arm-none-eabi/lib/thumb/v7e-m+fp/hard/libc_nano.a(libc_a-impure.o)
 .comment       0x00000039       0x3a /home/nil/.config/VSCodium/User/globalStorage/bmd.stm32-for-vscode/@xpack-dev-tools/arm-none-eabi-gcc/14.2.1-1.1.1/.content/bin/../lib/gcc/arm-none-eabi/14.2.1/../../../../arm-none-eabi/lib/thumb/v7e-m+fp/hard/libc_nano.a(libc_a-lseekr.o)
 .comment       0x00000039       0x3a /home/nil/.config/VSCodium/User/globalStorage/bmd.stm32-for-vscode/@xpack-dev-tools/arm-none-eabi-gcc/14.2.1-1.1.1/.content/bin/../lib/gcc/arm-none-eabi/14.2.1/../../../../arm-none-eabi/lib/thumb/v7e-m+fp/hard/libc_nano.a(libc_a-readr.o)
 .comment       0x00000039       0x3a /home/nil/.config/VSCodium/User/globalStorage/bmd.stm32-for-vscode/@xpack-dev-tools/arm-none-eabi-gcc/14.2.1-1.1.1/.content/bin/../lib/gcc/arm-none-eabi/14.2.1/../../../../arm-none-eabi/lib/thumb/v7e-m+fp/hard/libc_nano.a(libc_a-writer.o)
 .comment       0x00000039       0x3a /home/nil/.config/VSCodium/User/globalStorage/bmd.stm32-for-vscode/@xpack-dev-tools/arm-none-eabi-gcc/14.2.1-1.1.1/.content/bin/../lib/gcc/arm-none-eabi/14.2.1/../../../../arm-none-eabi/lib/thumb/v7e-m+fp/hard/libc_nano.a(libc_a-errno.o)
 .comment       0x00000039       0x3a /home/nil/.config/VSCodium/User/globalStorage/bmd.stm32-for-vscode/@xpack-dev-tools/arm-none-eabi-gcc/14.2.1-1.1.1/.content/bin/../lib/gcc/arm-none-eabi/14.2.1/../../../../arm-none-eabi/lib/thumb/v7e-m+fp/hard/libc_nano.a(libc_a-init.o)
 .comment       0x00000039       0x3a /home/nil/.config/VSCodium/User/globalStorage/bmd.stm32-for-vscode/@xpack-dev-tools/arm-none-eabi-gcc/14.2.1-1.1.1/.content/bin/../lib/gcc/arm-none-eabi/14.2.1/../../../../arm-none-eabi/lib/thumb/v7e-m+fp/hard/libc_nano.a(libc_a-lock.o)
 .comment       0x00000039       0x3a /home/nil/.config/VSCodium/User/globalStorage/bmd.stm32-for-vscode/@xpack-dev-tools/arm-none-eabi-gcc/14.2.1-1.1.1/.content/bin/../lib/gcc/arm-none-eabi/14.2.1/../../../../arm-none-eabi/lib/thumb/v7e-m+fp/hard/libc_nano.a(libc_a-memcpy-stub.o)
 .comment       0x00000039       0x3a /home/nil/.config/VSCodium/User/globalStorage/bmd.stm32-for-vscode/@xpack-dev-tools/arm-none-eabi-gcc/14.2.1-1.1.1/.content/bin/../lib/gcc/arm-none-eabi/14.2.1/../../../../arm-none-eabi/lib/thumb/v7e-m+fp/hard/libc_nano.a(libc_a-freer.o)
 .comment       0x00000039       0x3a /home/nil/.config/VSCodium/User/globalStorage/bmd.stm32-for-vscode/@xpack-dev-tools/arm-none-eabi-gcc/14.2.1-1.1.1/.content/bin/../lib/gcc/arm-none-eabi/14.2.1/../../../../arm-none-eabi/lib/thumb/v7e-m+fp/hard/libc_nano.a(libc_a-mallocr.o)
 .comment       0x00000039       0x3a /home/nil/.config/VSCodium/User/globalStorage/bmd.stm32-for-vscode/@xpack-dev-tools/arm-none-eabi-gcc/14.2.1-1.1.1/.content/bin/../lib/gcc/arm-none-eabi/14.2.1/../../../../arm-none-eabi/lib/thumb/v7e-m+fp/hard/libc_nano.a(libc_a-mlock.o)
 .comment       0x00000039       0x3a /home/nil/.config/VSCodium/User/globalStorage/bmd.stm32-for-vscode/@xpack-dev-tools/arm-none-eabi-gcc/14.2.1-1.1.1/.content/bin/../lib/gcc/arm-none-eabi/14.2.1/../../../../arm-none-eabi/lib/thumb/v7e-m+fp/hard/libc_nano.a(libc_a-nano-vfprintf.o)
 .comment       0x00000039       0x3a /home/nil/.config/VSCodium/User/globalStorage/bmd.stm32-for-vscode/@xpack-dev-tools/arm-none-eabi-gcc/14.2.1-1.1.1/.content/bin/../lib/gcc/arm-none-eabi/14.2.1/../../../../arm-none-eabi/lib/thumb/v7e-m+fp/hard/libc_nano.a(libc_a-nano-vfprintf_i.o)
 .comment       0x00000039       0x3a /home/nil/.config/VSCodium/User/globalStorage/bmd.stm32-for-vscode/@xpack-dev-tools/arm-none-eabi-gcc/14.2.1-1.1.1/.content/bin/../lib/gcc/arm-none-eabi/14.2.1/../../../../arm-none-eabi/lib/thumb/v7e-m+fp/hard/libc_nano.a(libc_a-fflush.o)
 .comment       0x00000039       0x3a /home/nil/.config/VSCodium/User/globalStorage/bmd.stm32-for-vscode/@xpack-dev-tools/arm-none-eabi-gcc/14.2.1-1.1.1/.content/bin/../lib/gcc/arm-none-eabi/14.2.1/../../../../arm-none-eabi/lib/thumb/v7e-m+fp/hard/libc_nano.a(libc_a-makebuf.o)
 .comment       0x00000039       0x3a /home/nil/.config/VSCodium/User/globalStorage/bmd.stm32-for-vscode/@xpack-dev-tools/arm-none-eabi-gcc/14.2.1-1.1.1/.content/bin/../lib/gcc/arm-none-eabi/14.2.1/../../../../arm-none-eabi/lib/thumb/v7e-m+fp/hard/libc_nano.a(libc_a-fstatr.o)
 .comment       0x00000039       0x3a /home/nil/.config/VSCodium/User/globalStorage/bmd.stm32-for-vscode/@xpack-dev-tools/arm-none-eabi-gcc/14.2.1-1.1.1/.content/bin/../lib/gcc/arm-none-eabi/14.2.1/../../../../arm-none-eabi/lib/thumb/v7e-m+fp/hard/libc_nano.a(libc_a-isattyr.o)
 .comment       0x00000039       0x3a /home/nil/.config/VSCodium/User/globalStorage/bmd.stm32-for-vscode/@xpack-dev-tools/arm-none-eabi-gcc/14.2.1-1.1.1/.content/bin/../lib/gcc/arm-none-eabi/14.2.1/../../../../arm-none-eabi/lib/thumb/v7e-m+fp/hard/libc_nano.a(libc_a-sbrkr.o)
 .comment       0x00000039       0x3a /home/nil/.config/VSCodium/User/globalStorage/bmd.stm32-for-vscode/@xpack-dev-tools/arm-none-eabi-gcc/14.2.1-1.1.1/.content/bin/../lib/gcc/arm-none-eabi/14.2.1/thumb/v7e-m+fp/hard/libgcc.a(_udivmoddi4.o)

.debug_info     0x00000000    0x1fb85
 .debug_info    0x00000000     0x5528 build/debug/cmsis_os2.o
 .debug_info    0x00005528      0x593 build/debug/heap_4.o
 .debug_info    0x00005abb      0x2bf build/debug/list.o
 .debug_info    0x00005d7a     0x155e build/debug/main.o
 .debug_info    0x000072d8      0x55a build/debug/port.o
 .debug_info    0x00007832     0x27a8 build/debug/queue.o
 .debug_info    0x00009fda      0x1ba build/debug/receiverTask.o
 .debug_info    0x0000a194      0x25a build/debug/senderTask.o
 .debug_info    0x0000a3ee      0xa3c build/debug/stm32f4xx_hal.o
 .debug_info    0x0000ae2a      0xfc7 build/debug/stm32f4xx_hal_cortex.o
 .debug_info    0x0000bdf1      0x74c build/debug/stm32f4xx_hal_gpio.o
 .debug_info    0x0000c53d      0xbc1 build/debug/stm32f4xx_hal_msp.o
 .debug_info    0x0000d0fe      0xaab build/debug/stm32f4xx_hal_rcc.o
 .debug_info    0x0000dba9      0xc4f build/debug/stm32f4xx_hal_rcc_ex.o
 .debug_info    0x0000e7f8     0x3bd9 build/debug/stm32f4xx_hal_tim.o
 .debug_info    0x000123d1     0x1ab1 build/debug/stm32f4xx_hal_tim_ex.o
 .debug_info    0x00013e82      0xcc5 build/debug/stm32f4xx_hal_timebase_tim.o
 .debug_info    0x00014b47     0x4116 build/debug/stm32f4xx_hal_uart.o
 .debug_info    0x00018c5d      0x6b5 build/debug/stm32f4xx_it.o
 .debug_info    0x00019312      0x789 build/debug/syscalls.o
 .debug_info    0x00019a9b      0x171 build/debug/sysmem.o
 .debug_info    0x00019c0c      0x55f build/debug/system_stm32f4xx.o
 .debug_info    0x0001a16b     0x37d5 build/debug/tasks.o
 .debug_info    0x0001d940     0x2215 build/debug/timers.o
 .debug_info    0x0001fb55       0x30 build/debug/startup_stm32f446xx.o

.debug_abbrev   0x00000000     0x3c29
 .debug_abbrev  0x00000000      0x602 build/debug/cmsis_os2.o
 .debug_abbrev  0x00000602      0x263 build/debug/heap_4.o
 .debug_abbrev  0x00000865      0x10a build/debug/list.o
 .debug_abbrev  0x0000096f      0x310 build/debug/main.o
 .debug_abbrev  0x00000c7f      0x293 build/debug/port.o
 .debug_abbrev  0x00000f12      0x3ea build/debug/queue.o
 .debug_abbrev  0x000012fc      0x129 build/debug/receiverTask.o
 .debug_abbrev  0x00001425      0x172 build/debug/senderTask.o
 .debug_abbrev  0x00001597      0x23f build/debug/stm32f4xx_hal.o
 .debug_abbrev  0x000017d6      0x39b build/debug/stm32f4xx_hal_cortex.o
 .debug_abbrev  0x00001b71      0x202 build/debug/stm32f4xx_hal_gpio.o
 .debug_abbrev  0x00001d73      0x1d4 build/debug/stm32f4xx_hal_msp.o
 .debug_abbrev  0x00001f47      0x2c6 build/debug/stm32f4xx_hal_rcc.o
 .debug_abbrev  0x0000220d      0x24f build/debug/stm32f4xx_hal_rcc_ex.o
 .debug_abbrev  0x0000245c      0x26a build/debug/stm32f4xx_hal_tim.o
 .debug_abbrev  0x000026c6      0x268 build/debug/stm32f4xx_hal_tim_ex.o
 .debug_abbrev  0x0000292e      0x233 build/debug/stm32f4xx_hal_timebase_tim.o
 .debug_abbrev  0x00002b61      0x32f build/debug/stm32f4xx_hal_uart.o
 .debug_abbrev  0x00002e90      0x186 build/debug/stm32f4xx_it.o
 .debug_abbrev  0x00003016      0x1c1 build/debug/syscalls.o
 .debug_abbrev  0x000031d7       0xea build/debug/sysmem.o
 .debug_abbrev  0x000032c1      0x11e build/debug/system_stm32f4xx.o
 .debug_abbrev  0x000033df      0x45f build/debug/tasks.o
 .debug_abbrev  0x0000383e      0x3c7 build/debug/timers.o
 .debug_abbrev  0x00003c05       0x24 build/debug/startup_stm32f446xx.o

.debug_loclists
                0x00000000    0x107cf
 .debug_loclists
                0x00000000     0x38ec build/debug/cmsis_os2.o
 .debug_loclists
                0x000038ec      0x2b7 build/debug/heap_4.o
 .debug_loclists
                0x00003ba3       0x75 build/debug/list.o
 .debug_loclists
                0x00003c18       0x97 build/debug/main.o
 .debug_loclists
                0x00003caf       0xc1 build/debug/port.o
 .debug_loclists
                0x00003d70     0x1140 build/debug/queue.o
 .debug_loclists
                0x00004eb0       0x29 build/debug/receiverTask.o
 .debug_loclists
                0x00004ed9       0x40 build/debug/senderTask.o
 .debug_loclists
                0x00004f19       0xe1 build/debug/stm32f4xx_hal.o
 .debug_loclists
                0x00004ffa      0x54d build/debug/stm32f4xx_hal_cortex.o
 .debug_loclists
                0x00005547      0x386 build/debug/stm32f4xx_hal_gpio.o
 .debug_loclists
                0x000058cd       0x74 build/debug/stm32f4xx_hal_msp.o
 .debug_loclists
                0x00005941      0x3db build/debug/stm32f4xx_hal_rcc.o
 .debug_loclists
                0x00005d1c      0x98c build/debug/stm32f4xx_hal_rcc_ex.o
 .debug_loclists
                0x000066a8     0x37b4 build/debug/stm32f4xx_hal_tim.o
 .debug_loclists
                0x00009e5c     0x13a3 build/debug/stm32f4xx_hal_tim_ex.o
 .debug_loclists
                0x0000b1ff       0x82 build/debug/stm32f4xx_hal_timebase_tim.o
 .debug_loclists
                0x0000b281     0x2e52 build/debug/stm32f4xx_hal_uart.o
 .debug_loclists
                0x0000e0d3      0x2cd build/debug/syscalls.o
 .debug_loclists
                0x0000e3a0       0x52 build/debug/sysmem.o
 .debug_loclists
                0x0000e3f2       0xe7 build/debug/system_stm32f4xx.o
 .debug_loclists
                0x0000e4d9     0x1745 build/debug/tasks.o
 .debug_loclists
                0x0000fc1e      0xbb1 build/debug/timers.o

.debug_aranges  0x00000000     0x14c8
 .debug_aranges
                0x00000000      0x2a0 build/debug/cmsis_os2.o
 .debug_aranges
                0x000002a0       0x58 build/debug/heap_4.o
 .debug_aranges
                0x000002f8       0x40 build/debug/list.o
 .debug_aranges
                0x00000338       0x60 build/debug/main.o
 .debug_aranges